Simulator report for test
Mon Jun 01 23:24:00 2020
Quartus II Version 9.1 Build 350 03/24/2010 Service Pack 2 SJ Web Edition


---------------------
; Table of Contents ;
---------------------
  1. Legal Notice
  2. Simulator Summary
  3. Simulator Settings
  4. Simulation Waveforms
  5. Coverage Summary
  6. Complete 1/0-Value Coverage
  7. Missing 1-Value Coverage
  8. Missing 0-Value Coverage
  9. Simulator INI Usage
 10. Simulator Messages



----------------
; Legal Notice ;
----------------
Copyright (C) 1991-2010 Altera Corporation
Your use of Altera Corporation's design tools, logic functions 
and other software and tools, and its AMPP partner logic 
functions, and any output files from any of the foregoing 
(including device programming or simulation files), and any 
associated documentation or information are expressly subject 
to the terms and conditions of the Altera Program License 
Subscription Agreement, Altera MegaCore Function License 
Agreement, or other applicable license agreement, including, 
without limitation, that your use is for the sole purpose of 
programming logic devices manufactured by Altera and sold by 
Altera or its authorized distributors.  Please refer to the 
applicable agreement for further details.



+--------------------------------------------+
; Simulator Summary                          ;
+-----------------------------+--------------+
; Type                        ; Value        ;
+-----------------------------+--------------+
; Simulation Start Time       ; 0 ps         ;
; Simulation End Time         ; 20.0 ms      ;
; Simulation Netlist Size     ; 285 nodes    ;
; Simulation Coverage         ;      35.34 % ;
; Total Number of Transitions ; 4303694      ;
; Simulation Breakpoints      ; 0            ;
; Family                      ; MAX II       ;
; Device                      ; EPM570T100C5 ;
+-----------------------------+--------------+


+-------------------------------------------------------------------------------------------------------------------------+
; Simulator Settings                                                                                                      ;
+--------------------------------------------------------------------------------------------+------------+---------------+
; Option                                                                                     ; Setting    ; Default Value ;
+--------------------------------------------------------------------------------------------+------------+---------------+
; Simulation mode                                                                            ; Timing     ; Timing        ;
; Start time                                                                                 ; 0 ns       ; 0 ns          ;
; Simulation results format                                                                  ; CVWF       ;               ;
; Add pins automatically to simulation output waveforms                                      ; On         ; On            ;
; Check outputs                                                                              ; Off        ; Off           ;
; Report simulation coverage                                                                 ; On         ; On            ;
; Display complete 1/0 value coverage report                                                 ; On         ; On            ;
; Display missing 1-value coverage report                                                    ; On         ; On            ;
; Display missing 0-value coverage report                                                    ; On         ; On            ;
; Detect setup and hold time violations                                                      ; Off        ; Off           ;
; Detect glitches                                                                            ; Off        ; Off           ;
; Disable timing delays in Timing Simulation                                                 ; Off        ; Off           ;
; Generate Signal Activity File                                                              ; Off        ; Off           ;
; Generate VCD File for PowerPlay Power Analyzer                                             ; Off        ; Off           ;
; Group bus channels in simulation results                                                   ; Off        ; Off           ;
; Preserve fewer signal transitions to reduce memory requirements                            ; On         ; On            ;
; Trigger vector comparison with the specified mode                                          ; INPUT_EDGE ; INPUT_EDGE    ;
; Disable setup and hold time violations detection in input registers of bi-directional pins ; Off        ; Off           ;
; Overwrite Waveform Inputs With Simulation Outputs                                          ; Off        ;               ;
; Perform Glitch Filtering in Timing Simulation                                              ; Auto       ; Auto          ;
+--------------------------------------------------------------------------------------------+------------+---------------+


+----------------------+
; Simulation Waveforms ;
+----------------------+
Waveform report data cannot be output to ASCII.
Please use Quartus II to view the waveform report data.


+--------------------------------------------------------------------+
; Coverage Summary                                                   ;
+-----------------------------------------------------+--------------+
; Type                                                ; Value        ;
+-----------------------------------------------------+--------------+
; Total coverage as a percentage                      ;      35.34 % ;
; Total nodes checked                                 ; 285          ;
; Total output ports checked                          ; 416          ;
; Total output ports with complete 1/0-value coverage ; 147          ;
; Total output ports with no 1/0-value coverage       ; 179          ;
; Total output ports with no 1-value coverage         ; 250          ;
; Total output ports with no 0-value coverage         ; 198          ;
+-----------------------------------------------------+--------------+


The following table displays output ports that toggle between 1 and 0 during simulation.
+---------------------------------------------------------------------------------------------------------------------------------------------+
; Complete 1/0-Value Coverage                                                                                                                 ;
+---------------------------------------------------------+----------------------------------------------------------------+------------------+
; Node Name                                               ; Output Port Name                                               ; Output Port Type ;
+---------------------------------------------------------+----------------------------------------------------------------+------------------+
; |xuat_xung|dda_module:inst|test:inst4|pulse             ; |xuat_xung|dda_module:inst|test:inst4|pulse                    ; regout           ;
; |xuat_xung|limit_check:inst5|inst2~0                    ; |xuat_xung|limit_check:inst5|inst2~0                           ; combout          ;
; |xuat_xung|dda_module:inst|test:inst5|pulse             ; |xuat_xung|dda_module:inst|test:inst5|pulse                    ; regout           ;
; |xuat_xung|limit_check:inst5|inst3~0                    ; |xuat_xung|limit_check:inst5|inst3~0                           ; combout          ;
; |xuat_xung|dda_module:inst|test:inst11|pulse            ; |xuat_xung|dda_module:inst|test:inst11|pulse                   ; regout           ;
; |xuat_xung|limit_check:inst5|inst~0                     ; |xuat_xung|limit_check:inst5|inst~0                            ; combout          ;
; |xuat_xung|dda_module:inst|test:inst|pulse              ; |xuat_xung|dda_module:inst|test:inst|pulse                     ; regout           ;
; |xuat_xung|limit_check:inst5|inst1~0                    ; |xuat_xung|limit_check:inst5|inst1~0                           ; combout          ;
; |xuat_xung|dda_module:inst|test:inst4|Add2~0            ; |xuat_xung|dda_module:inst|test:inst4|Add2~0                   ; combout          ;
; |xuat_xung|dda_module:inst|test:inst4|Add2~40           ; |xuat_xung|dda_module:inst|test:inst4|Add2~40                  ; combout          ;
; |xuat_xung|dda_module:inst|test:inst4|Add2~40           ; |xuat_xung|dda_module:inst|test:inst4|Add2~42COUT1_79          ; cout1            ;
; |xuat_xung|dda_module:inst|test:inst4|LessThan2~2       ; |xuat_xung|dda_module:inst|test:inst4|LessThan2~2              ; combout          ;
; |xuat_xung|dda_module:inst|test:inst11|pre_WR           ; |xuat_xung|dda_module:inst|test:inst4|Equal0~0                 ; combout          ;
; |xuat_xung|dda_module:inst|test:inst11|pre_WR           ; |xuat_xung|dda_module:inst|test:inst11|pre_WR                  ; regout           ;
; |xuat_xung|dda_module:inst|test:inst11|clk20u           ; |xuat_xung|dda_module:inst|test:inst11|clk20u                  ; regout           ;
; |xuat_xung|dda_module:inst|test:inst11|clk_20cnt[1]     ; |xuat_xung|dda_module:inst|test:inst11|clk_20cnt[1]~5          ; cout0            ;
; |xuat_xung|dda_module:inst|test:inst11|clk_20cnt[1]     ; |xuat_xung|dda_module:inst|test:inst11|clk_20cnt[1]~5COUT1_42  ; cout1            ;
; |xuat_xung|dda_module:inst|test:inst11|clk_20cnt[2]     ; |xuat_xung|dda_module:inst|test:inst11|clk_20cnt[2]~7          ; cout0            ;
; |xuat_xung|dda_module:inst|test:inst11|clk_20cnt[2]     ; |xuat_xung|dda_module:inst|test:inst11|clk_20cnt[2]~7COUT1_44  ; cout1            ;
; |xuat_xung|dda_module:inst|test:inst4|LessThan1~0       ; |xuat_xung|dda_module:inst|test:inst4|LessThan1~0              ; combout          ;
; |xuat_xung|dda_module:inst|test:inst11|clk_20cnt[4]     ; |xuat_xung|dda_module:inst|test:inst11|clk_20cnt[4]~9          ; cout             ;
; |xuat_xung|dda_module:inst|test:inst11|clk_20cnt[3]     ; |xuat_xung|dda_module:inst|test:inst11|clk_20cnt[3]~11         ; cout0            ;
; |xuat_xung|dda_module:inst|test:inst11|clk_20cnt[3]     ; |xuat_xung|dda_module:inst|test:inst11|clk_20cnt[3]~11COUT1_46 ; cout1            ;
; |xuat_xung|dda_module:inst|test:inst4|LessThan1~1       ; |xuat_xung|dda_module:inst|test:inst4|LessThan1~1              ; combout          ;
; |xuat_xung|dda_module:inst|test:inst11|clk_20cnt[5]     ; |xuat_xung|dda_module:inst|test:inst11|clk_20cnt[5]~13COUT1_48 ; cout1            ;
; |xuat_xung|dda_module:inst|test:inst11|clk_20cnt[6]     ; |xuat_xung|dda_module:inst|test:inst11|clk_20cnt[6]~15COUT1_50 ; cout1            ;
; |xuat_xung|dda_module:inst|test:inst11|clk_20cnt[7]     ; |xuat_xung|dda_module:inst|test:inst11|clk_20cnt[7]~17COUT1_52 ; cout1            ;
; |xuat_xung|dda_module:inst|test:inst11|clk_20cnt[8]     ; |xuat_xung|dda_module:inst|test:inst11|clk_20cnt[8]~19COUT1_54 ; cout1            ;
; |xuat_xung|dda_module:inst|test:inst4|LessThan1~2       ; |xuat_xung|dda_module:inst|test:inst4|LessThan1~2              ; combout          ;
; |xuat_xung|dda_module:inst|test:inst4|LessThan1~3       ; |xuat_xung|dda_module:inst|test:inst4|LessThan1~3              ; combout          ;
; |xuat_xung|dda_module:inst|test:inst11|clk_cnt[7]       ; |xuat_xung|dda_module:inst|test:inst11|clk_cnt[7]              ; regout           ;
; |xuat_xung|dda_module:inst|test:inst11|clk_cnt[0]       ; |xuat_xung|dda_module:inst|test:inst11|clk_cnt[0]~3            ; cout0            ;
; |xuat_xung|dda_module:inst|test:inst11|clk_cnt[0]       ; |xuat_xung|dda_module:inst|test:inst11|clk_cnt[0]~3COUT1_24    ; cout1            ;
; |xuat_xung|dda_module:inst|test:inst11|clk_cnt[1]       ; |xuat_xung|dda_module:inst|test:inst11|clk_cnt[1]~5            ; cout0            ;
; |xuat_xung|dda_module:inst|test:inst11|clk_cnt[1]       ; |xuat_xung|dda_module:inst|test:inst11|clk_cnt[1]~5COUT1_26    ; cout1            ;
; |xuat_xung|dda_module:inst|test:inst11|clk_cnt[2]       ; |xuat_xung|dda_module:inst|test:inst11|clk_cnt[2]~7            ; cout0            ;
; |xuat_xung|dda_module:inst|test:inst11|clk_cnt[2]       ; |xuat_xung|dda_module:inst|test:inst11|clk_cnt[2]~7COUT1_28    ; cout1            ;
; |xuat_xung|dda_module:inst|test:inst11|clk_cnt[3]       ; |xuat_xung|dda_module:inst|test:inst11|clk_cnt[3]~9            ; cout0            ;
; |xuat_xung|dda_module:inst|test:inst11|clk_cnt[3]       ; |xuat_xung|dda_module:inst|test:inst11|clk_cnt[3]~9COUT1_30    ; cout1            ;
; |xuat_xung|dda_module:inst|test:inst4|LessThan0~0       ; |xuat_xung|dda_module:inst|test:inst4|LessThan0~0              ; combout          ;
; |xuat_xung|dda_module:inst|test:inst11|clk_cnt[4]       ; |xuat_xung|dda_module:inst|test:inst11|clk_cnt[4]~11           ; cout             ;
; |xuat_xung|dda_module:inst|test:inst11|clk_cnt[5]       ; |xuat_xung|dda_module:inst|test:inst11|clk_cnt[5]~13COUT1_32   ; cout1            ;
; |xuat_xung|dda_module:inst|test:inst11|clk_cnt[6]       ; |xuat_xung|dda_module:inst|test:inst11|clk_cnt[6]~15COUT1_34   ; cout1            ;
; |xuat_xung|dda_module:inst|test:inst4|LessThan0~1       ; |xuat_xung|dda_module:inst|test:inst4|LessThan0~1              ; combout          ;
; |xuat_xung|dda_module:inst|test:inst11|clk_20cnt[10]~20 ; |xuat_xung|dda_module:inst|test:inst11|clk_20cnt[10]~20        ; combout          ;
; |xuat_xung|dda_module:inst|test:inst5|Add2~0            ; |xuat_xung|dda_module:inst|test:inst5|Add2~0                   ; combout          ;
; |xuat_xung|dda_module:inst|test:inst5|Add2~40           ; |xuat_xung|dda_module:inst|test:inst5|Add2~42COUT1_79          ; cout1            ;
; |xuat_xung|dda_module:inst|test:inst5|LessThan2~2       ; |xuat_xung|dda_module:inst|test:inst5|LessThan2~2              ; combout          ;
; |xuat_xung|dda_module:inst|test:inst11|Add2~0           ; |xuat_xung|dda_module:inst|test:inst11|Add2~0                  ; combout          ;
; |xuat_xung|dda_module:inst|test:inst11|Add2~40          ; |xuat_xung|dda_module:inst|test:inst11|Add2~40                 ; combout          ;
; |xuat_xung|dda_module:inst|test:inst11|Add2~40          ; |xuat_xung|dda_module:inst|test:inst11|Add2~42COUT1_79         ; cout1            ;
; |xuat_xung|dda_module:inst|test:inst|Add2~0             ; |xuat_xung|dda_module:inst|test:inst|Add2~0                    ; combout          ;
; |xuat_xung|dda_module:inst|test:inst|Add2~10            ; |xuat_xung|dda_module:inst|test:inst|Add2~10                   ; combout          ;
; |xuat_xung|dda_module:inst|test:inst|Add2~10            ; |xuat_xung|dda_module:inst|test:inst|Add2~12                   ; cout0            ;
; |xuat_xung|dda_module:inst|test:inst|Add2~10            ; |xuat_xung|dda_module:inst|test:inst|Add2~12COUT1_69           ; cout1            ;
; |xuat_xung|dda_module:inst|test:inst|Add2~15            ; |xuat_xung|dda_module:inst|test:inst|Add2~15                   ; combout          ;
; |xuat_xung|dda_module:inst|test:inst|Add2~15            ; |xuat_xung|dda_module:inst|test:inst|Add2~17                   ; cout0            ;
; |xuat_xung|dda_module:inst|test:inst|Add2~15            ; |xuat_xung|dda_module:inst|test:inst|Add2~17COUT1_71           ; cout1            ;
; |xuat_xung|dda_module:inst|test:inst|Add2~20            ; |xuat_xung|dda_module:inst|test:inst|Add2~20                   ; combout          ;
; |xuat_xung|dda_module:inst|test:inst|Add2~20            ; |xuat_xung|dda_module:inst|test:inst|Add2~22                   ; cout             ;
; |xuat_xung|dda_module:inst|test:inst|Add2~25            ; |xuat_xung|dda_module:inst|test:inst|Add2~25                   ; combout          ;
; |xuat_xung|dda_module:inst|test:inst|Add2~25            ; |xuat_xung|dda_module:inst|test:inst|Add2~27                   ; cout0            ;
; |xuat_xung|dda_module:inst|test:inst|Add2~25            ; |xuat_xung|dda_module:inst|test:inst|Add2~27COUT1_73           ; cout1            ;
; |xuat_xung|dda_module:inst|test:inst|LessThan2~0        ; |xuat_xung|dda_module:inst|test:inst|LessThan2~0               ; combout          ;
; |xuat_xung|dda_module:inst|test:inst|Add2~30            ; |xuat_xung|dda_module:inst|test:inst|Add2~30                   ; combout          ;
; |xuat_xung|dda_module:inst|test:inst|Add2~30            ; |xuat_xung|dda_module:inst|test:inst|Add2~32                   ; cout0            ;
; |xuat_xung|dda_module:inst|test:inst|Add2~30            ; |xuat_xung|dda_module:inst|test:inst|Add2~32COUT1_75           ; cout1            ;
; |xuat_xung|dda_module:inst|test:inst|Add2~35            ; |xuat_xung|dda_module:inst|test:inst|Add2~35                   ; combout          ;
; |xuat_xung|dda_module:inst|test:inst|Add2~35            ; |xuat_xung|dda_module:inst|test:inst|Add2~37                   ; cout0            ;
; |xuat_xung|dda_module:inst|test:inst|Add2~35            ; |xuat_xung|dda_module:inst|test:inst|Add2~37COUT1_77           ; cout1            ;
; |xuat_xung|dda_module:inst|test:inst|Add2~40            ; |xuat_xung|dda_module:inst|test:inst|Add2~40                   ; combout          ;
; |xuat_xung|dda_module:inst|test:inst|Add2~40            ; |xuat_xung|dda_module:inst|test:inst|Add2~42                   ; cout0            ;
; |xuat_xung|dda_module:inst|test:inst|Add2~40            ; |xuat_xung|dda_module:inst|test:inst|Add2~42COUT1_79           ; cout1            ;
; |xuat_xung|dda_module:inst|test:inst|LessThan2~1        ; |xuat_xung|dda_module:inst|test:inst|LessThan2~1               ; combout          ;
; |xuat_xung|dda_module:inst|test:inst|LessThan2~2        ; |xuat_xung|dda_module:inst|test:inst|LessThan2~2               ; combout          ;
; |xuat_xung|dda_module:inst|test:inst4|acc[8]            ; |xuat_xung|dda_module:inst|test:inst4|acc[8]                   ; regout           ;
; |xuat_xung|dda_module:inst|test:inst11|clk_20cnt[10]~21 ; |xuat_xung|dda_module:inst|test:inst11|clk_20cnt[10]~21        ; combout          ;
; |xuat_xung|dda_module:inst|test:inst11|clk_20cnt[1]~24  ; |xuat_xung|dda_module:inst|test:inst11|clk_20cnt[1]~24COUT0_39 ; cout0            ;
; |xuat_xung|dda_module:inst|test:inst11|clk_20cnt[1]~24  ; |xuat_xung|dda_module:inst|test:inst11|clk_20cnt[1]~24COUT1_40 ; cout1            ;
; |xuat_xung|dda_module:inst|inst8~0                      ; |xuat_xung|dda_module:inst|inst8~0                             ; combout          ;
; |xuat_xung|dda_module:inst|test:inst5|acc[8]            ; |xuat_xung|dda_module:inst|test:inst5|acc[8]                   ; regout           ;
; |xuat_xung|dda_module:inst|test:inst11|acc[8]           ; |xuat_xung|dda_module:inst|test:inst11|acc[8]                  ; regout           ;
; |xuat_xung|dda_module:inst|test:inst|acc[2]             ; |xuat_xung|dda_module:inst|test:inst|acc[2]                    ; regout           ;
; |xuat_xung|dda_module:inst|test:inst|Add2~45            ; |xuat_xung|dda_module:inst|test:inst|Add2~45                   ; combout          ;
; |xuat_xung|dda_module:inst|test:inst|Add2~45            ; |xuat_xung|dda_module:inst|test:inst|Add2~47                   ; cout0            ;
; |xuat_xung|dda_module:inst|test:inst|Add2~45            ; |xuat_xung|dda_module:inst|test:inst|Add2~47COUT1_67           ; cout1            ;
; |xuat_xung|dda_module:inst|test:inst|acc[3]             ; |xuat_xung|dda_module:inst|test:inst|acc[3]                    ; regout           ;
; |xuat_xung|dda_module:inst|test:inst|acc[4]             ; |xuat_xung|dda_module:inst|test:inst|acc[4]                    ; regout           ;
; |xuat_xung|dda_module:inst|test:inst|acc[5]             ; |xuat_xung|dda_module:inst|test:inst|acc[5]                    ; regout           ;
; |xuat_xung|dda_module:inst|test:inst|acc[6]             ; |xuat_xung|dda_module:inst|test:inst|acc[6]                    ; regout           ;
; |xuat_xung|dda_module:inst|test:inst|acc[7]             ; |xuat_xung|dda_module:inst|test:inst|acc[7]                    ; regout           ;
; |xuat_xung|dda_module:inst|test:inst|acc[8]             ; |xuat_xung|dda_module:inst|test:inst|acc[8]                    ; regout           ;
; |xuat_xung|dda_module:inst|inst8                        ; |xuat_xung|dda_module:inst|inst8                               ; combout          ;
; |xuat_xung|dda_module:inst|test:inst4|Add3~0            ; |xuat_xung|dda_module:inst|test:inst4|Add3~0                   ; combout          ;
; |xuat_xung|dda_module:inst|test:inst4|Add3~0            ; |xuat_xung|dda_module:inst|test:inst4|Add3~2                   ; cout0            ;
; |xuat_xung|dda_module:inst|test:inst4|acc[6]~0          ; |xuat_xung|dda_module:inst|test:inst4|acc[6]~0                 ; combout          ;
; |xuat_xung|dda_module:inst|test:inst4|LessThan2~3       ; |xuat_xung|dda_module:inst|test:inst4|LessThan2~3              ; combout          ;
; |xuat_xung|dda_module:inst|test:inst4|Add3~40           ; |xuat_xung|dda_module:inst|test:inst4|Add3~40                  ; combout          ;
; |xuat_xung|dda_module:inst|test:inst5|Add3~0            ; |xuat_xung|dda_module:inst|test:inst5|Add3~0                   ; combout          ;
; |xuat_xung|dda_module:inst|test:inst5|Add3~0            ; |xuat_xung|dda_module:inst|test:inst5|Add3~2                   ; cout0            ;
; |xuat_xung|dda_module:inst|test:inst5|Add3~40           ; |xuat_xung|dda_module:inst|test:inst5|Add3~40                  ; combout          ;
; |xuat_xung|dda_module:inst|test:inst11|Add3~0           ; |xuat_xung|dda_module:inst|test:inst11|Add3~0                  ; combout          ;
; |xuat_xung|dda_module:inst|test:inst11|Add3~0           ; |xuat_xung|dda_module:inst|test:inst11|Add3~2                  ; cout0            ;
; |xuat_xung|dda_module:inst|test:inst11|Add3~40          ; |xuat_xung|dda_module:inst|test:inst11|Add3~40                 ; combout          ;
; |xuat_xung|dda_module:inst|test:inst|Add3~0             ; |xuat_xung|dda_module:inst|test:inst|Add3~0                    ; combout          ;
; |xuat_xung|dda_module:inst|test:inst|Add3~0             ; |xuat_xung|dda_module:inst|test:inst|Add3~2                    ; cout0            ;
; |xuat_xung|dda_module:inst|test:inst|Add3~0             ; |xuat_xung|dda_module:inst|test:inst|Add3~2COUT1_66            ; cout1            ;
; |xuat_xung|dda_module:inst|test:inst|LessThan2~3        ; |xuat_xung|dda_module:inst|test:inst|LessThan2~3               ; combout          ;
; |xuat_xung|dda_module:inst|test:inst|Add3~5             ; |xuat_xung|dda_module:inst|test:inst|Add3~5                    ; combout          ;
; |xuat_xung|dda_module:inst|test:inst|Add3~10            ; |xuat_xung|dda_module:inst|test:inst|Add3~10                   ; combout          ;
; |xuat_xung|dda_module:inst|test:inst|Add3~10            ; |xuat_xung|dda_module:inst|test:inst|Add3~12                   ; cout0            ;
; |xuat_xung|dda_module:inst|test:inst|Add3~10            ; |xuat_xung|dda_module:inst|test:inst|Add3~12COUT1_54           ; cout1            ;
; |xuat_xung|dda_module:inst|test:inst|LessThan2~4        ; |xuat_xung|dda_module:inst|test:inst|LessThan2~4               ; combout          ;
; |xuat_xung|dda_module:inst|test:inst|acc[1]             ; |xuat_xung|dda_module:inst|test:inst|acc[1]                    ; regout           ;
; |xuat_xung|dda_module:inst|test:inst|Add2~50            ; |xuat_xung|dda_module:inst|test:inst|Add2~50                   ; combout          ;
; |xuat_xung|dda_module:inst|test:inst|Add2~50            ; |xuat_xung|dda_module:inst|test:inst|Add2~52                   ; cout0            ;
; |xuat_xung|dda_module:inst|test:inst|Add2~50            ; |xuat_xung|dda_module:inst|test:inst|Add2~52COUT1_65           ; cout1            ;
; |xuat_xung|dda_module:inst|test:inst|Add3~15            ; |xuat_xung|dda_module:inst|test:inst|Add3~15                   ; combout          ;
; |xuat_xung|dda_module:inst|test:inst|Add3~15            ; |xuat_xung|dda_module:inst|test:inst|Add3~17                   ; cout0            ;
; |xuat_xung|dda_module:inst|test:inst|Add3~15            ; |xuat_xung|dda_module:inst|test:inst|Add3~17COUT1_56           ; cout1            ;
; |xuat_xung|dda_module:inst|test:inst|Add3~20            ; |xuat_xung|dda_module:inst|test:inst|Add3~20                   ; combout          ;
; |xuat_xung|dda_module:inst|test:inst|Add3~20            ; |xuat_xung|dda_module:inst|test:inst|Add3~22                   ; cout0            ;
; |xuat_xung|dda_module:inst|test:inst|Add3~20            ; |xuat_xung|dda_module:inst|test:inst|Add3~22COUT1_58           ; cout1            ;
; |xuat_xung|dda_module:inst|test:inst|Add3~25            ; |xuat_xung|dda_module:inst|test:inst|Add3~25                   ; combout          ;
; |xuat_xung|dda_module:inst|test:inst|Add3~25            ; |xuat_xung|dda_module:inst|test:inst|Add3~27                   ; cout0            ;
; |xuat_xung|dda_module:inst|test:inst|Add3~25            ; |xuat_xung|dda_module:inst|test:inst|Add3~27COUT1_60           ; cout1            ;
; |xuat_xung|dda_module:inst|test:inst|Add3~30            ; |xuat_xung|dda_module:inst|test:inst|Add3~30                   ; combout          ;
; |xuat_xung|dda_module:inst|test:inst|Add3~30            ; |xuat_xung|dda_module:inst|test:inst|Add3~32                   ; cout             ;
; |xuat_xung|dda_module:inst|test:inst|Add3~35            ; |xuat_xung|dda_module:inst|test:inst|Add3~35                   ; combout          ;
; |xuat_xung|dda_module:inst|test:inst|Add3~35            ; |xuat_xung|dda_module:inst|test:inst|Add3~37COUT1_62           ; cout1            ;
; |xuat_xung|dda_module:inst|test:inst|Add3~40            ; |xuat_xung|dda_module:inst|test:inst|Add3~40                   ; combout          ;
; |xuat_xung|dda_module:inst|test:inst|Add3~40            ; |xuat_xung|dda_module:inst|test:inst|Add3~42COUT1_64           ; cout1            ;
; |xuat_xung|dda_module:inst|test:inst|acc[0]             ; |xuat_xung|dda_module:inst|test:inst|acc[0]                    ; regout           ;
; |xuat_xung|dda_module:inst|test:inst5|pulse~6           ; |xuat_xung|dda_module:inst|test:inst5|pulse~6                  ; combout          ;
; |xuat_xung|dda_module:inst|test:inst|Ntemp[2]           ; |xuat_xung|dda_module:inst|test:inst|Ntemp[2]                  ; regout           ;
; |xuat_xung|dda_module:inst|test:inst|Ntemp[0]           ; |xuat_xung|dda_module:inst|test:inst|Ntemp[0]                  ; regout           ;
; |xuat_xung|PULSE_WR                                     ; |xuat_xung|PULSE_WR~corein                                     ; combout          ;
; |xuat_xung|CLK                                          ; |xuat_xung|CLK~corein                                          ; combout          ;
; |xuat_xung|NWE                                          ; |xuat_xung|NWE~corein                                          ; combout          ;
; |xuat_xung|NADV                                         ; |xuat_xung|NADV~corein                                         ; combout          ;
; |xuat_xung|pulse1                                       ; |xuat_xung|pulse1                                              ; padio            ;
; |xuat_xung|pulse2                                       ; |xuat_xung|pulse2                                              ; padio            ;
; |xuat_xung|pulse3                                       ; |xuat_xung|pulse3                                              ; padio            ;
; |xuat_xung|pulse0                                       ; |xuat_xung|pulse0                                              ; padio            ;
; |xuat_xung|Data[2]                                      ; |xuat_xung|Data~13                                             ; combout          ;
; |xuat_xung|Data[1]                                      ; |xuat_xung|Data~14                                             ; combout          ;
; |xuat_xung|Data[0]                                      ; |xuat_xung|Data~15                                             ; combout          ;
+---------------------------------------------------------+----------------------------------------------------------------+------------------+


The following table displays output ports that do not toggle to 1 during simulation.
+---------------------------------------------------------------------------------------------------------------------------------+
; Missing 1-Value Coverage                                                                                                        ;
+-----------------------------------------------------+--------------------------------------------------------+------------------+
; Node Name                                           ; Output Port Name                                       ; Output Port Type ;
+-----------------------------------------------------+--------------------------------------------------------+------------------+
; |xuat_xung|limit_check:inst5|inst20                 ; |xuat_xung|limit_check:inst5|inst19                    ; combout          ;
; |xuat_xung|limit_check:inst5|inst16                 ; |xuat_xung|limit_check:inst5|inst15                    ; combout          ;
; |xuat_xung|limit_check:inst5|inst13                 ; |xuat_xung|limit_check:inst5|inst12                    ; combout          ;
; |xuat_xung|limit_check:inst5|inst24                 ; |xuat_xung|limit_check:inst5|inst23                    ; combout          ;
; |xuat_xung|dda_module:inst|test:inst4|Add2~5        ; |xuat_xung|dda_module:inst|test:inst4|Add2~5           ; combout          ;
; |xuat_xung|dda_module:inst|test:inst4|Add2~10       ; |xuat_xung|dda_module:inst|test:inst4|Add2~10          ; combout          ;
; |xuat_xung|dda_module:inst|test:inst4|Add2~10       ; |xuat_xung|dda_module:inst|test:inst4|Add2~12          ; cout0            ;
; |xuat_xung|dda_module:inst|test:inst4|Add2~10       ; |xuat_xung|dda_module:inst|test:inst4|Add2~12COUT1_69  ; cout1            ;
; |xuat_xung|dda_module:inst|test:inst4|Add2~15       ; |xuat_xung|dda_module:inst|test:inst4|Add2~15          ; combout          ;
; |xuat_xung|dda_module:inst|test:inst4|Add2~15       ; |xuat_xung|dda_module:inst|test:inst4|Add2~17          ; cout0            ;
; |xuat_xung|dda_module:inst|test:inst4|Add2~15       ; |xuat_xung|dda_module:inst|test:inst4|Add2~17COUT1_71  ; cout1            ;
; |xuat_xung|dda_module:inst|test:inst4|Add2~20       ; |xuat_xung|dda_module:inst|test:inst4|Add2~20          ; combout          ;
; |xuat_xung|dda_module:inst|test:inst4|Add2~20       ; |xuat_xung|dda_module:inst|test:inst4|Add2~22          ; cout             ;
; |xuat_xung|dda_module:inst|test:inst4|Add2~25       ; |xuat_xung|dda_module:inst|test:inst4|Add2~25          ; combout          ;
; |xuat_xung|dda_module:inst|test:inst4|Add2~25       ; |xuat_xung|dda_module:inst|test:inst4|Add2~27          ; cout0            ;
; |xuat_xung|dda_module:inst|test:inst4|Add2~25       ; |xuat_xung|dda_module:inst|test:inst4|Add2~27COUT1_73  ; cout1            ;
; |xuat_xung|dda_module:inst|test:inst4|LessThan2~0   ; |xuat_xung|dda_module:inst|test:inst4|LessThan2~0      ; combout          ;
; |xuat_xung|dda_module:inst|test:inst4|Add2~30       ; |xuat_xung|dda_module:inst|test:inst4|Add2~30          ; combout          ;
; |xuat_xung|dda_module:inst|test:inst4|Add2~30       ; |xuat_xung|dda_module:inst|test:inst4|Add2~32          ; cout0            ;
; |xuat_xung|dda_module:inst|test:inst4|Add2~35       ; |xuat_xung|dda_module:inst|test:inst4|Add2~35          ; combout          ;
; |xuat_xung|dda_module:inst|test:inst4|Add2~35       ; |xuat_xung|dda_module:inst|test:inst4|Add2~37          ; cout0            ;
; |xuat_xung|dda_module:inst|test:inst4|Add2~35       ; |xuat_xung|dda_module:inst|test:inst4|Add2~37COUT1_77  ; cout1            ;
; |xuat_xung|dda_module:inst|test:inst4|Add2~40       ; |xuat_xung|dda_module:inst|test:inst4|Add2~42          ; cout0            ;
; |xuat_xung|dda_module:inst|test:inst11|clk_20cnt[9] ; |xuat_xung|dda_module:inst|test:inst11|clk_20cnt[9]~3  ; cout             ;
; |xuat_xung|dda_module:inst|test:inst11|clk_20cnt[5] ; |xuat_xung|dda_module:inst|test:inst11|clk_20cnt[5]~13 ; cout0            ;
; |xuat_xung|dda_module:inst|test:inst11|clk_20cnt[6] ; |xuat_xung|dda_module:inst|test:inst11|clk_20cnt[6]~15 ; cout0            ;
; |xuat_xung|dda_module:inst|test:inst11|clk_20cnt[7] ; |xuat_xung|dda_module:inst|test:inst11|clk_20cnt[7]~17 ; cout0            ;
; |xuat_xung|dda_module:inst|test:inst11|clk_20cnt[8] ; |xuat_xung|dda_module:inst|test:inst11|clk_20cnt[8]~19 ; cout0            ;
; |xuat_xung|dda_module:inst|test:inst11|clk_cnt[5]   ; |xuat_xung|dda_module:inst|test:inst11|clk_cnt[5]~13   ; cout0            ;
; |xuat_xung|dda_module:inst|test:inst11|clk_cnt[6]   ; |xuat_xung|dda_module:inst|test:inst11|clk_cnt[6]~15   ; cout0            ;
; |xuat_xung|dda_module:inst|test:inst5|Add2~5        ; |xuat_xung|dda_module:inst|test:inst5|Add2~5           ; combout          ;
; |xuat_xung|dda_module:inst|test:inst5|Add2~10       ; |xuat_xung|dda_module:inst|test:inst5|Add2~10          ; combout          ;
; |xuat_xung|dda_module:inst|test:inst5|Add2~10       ; |xuat_xung|dda_module:inst|test:inst5|Add2~12          ; cout0            ;
; |xuat_xung|dda_module:inst|test:inst5|Add2~10       ; |xuat_xung|dda_module:inst|test:inst5|Add2~12COUT1_69  ; cout1            ;
; |xuat_xung|dda_module:inst|test:inst5|Add2~15       ; |xuat_xung|dda_module:inst|test:inst5|Add2~15          ; combout          ;
; |xuat_xung|dda_module:inst|test:inst5|Add2~15       ; |xuat_xung|dda_module:inst|test:inst5|Add2~17          ; cout0            ;
; |xuat_xung|dda_module:inst|test:inst5|Add2~15       ; |xuat_xung|dda_module:inst|test:inst5|Add2~17COUT1_71  ; cout1            ;
; |xuat_xung|dda_module:inst|test:inst5|Add2~20       ; |xuat_xung|dda_module:inst|test:inst5|Add2~20          ; combout          ;
; |xuat_xung|dda_module:inst|test:inst5|Add2~20       ; |xuat_xung|dda_module:inst|test:inst5|Add2~22          ; cout             ;
; |xuat_xung|dda_module:inst|test:inst5|Add2~25       ; |xuat_xung|dda_module:inst|test:inst5|Add2~25          ; combout          ;
; |xuat_xung|dda_module:inst|test:inst5|Add2~25       ; |xuat_xung|dda_module:inst|test:inst5|Add2~27          ; cout0            ;
; |xuat_xung|dda_module:inst|test:inst5|Add2~25       ; |xuat_xung|dda_module:inst|test:inst5|Add2~27COUT1_73  ; cout1            ;
; |xuat_xung|dda_module:inst|test:inst5|LessThan2~0   ; |xuat_xung|dda_module:inst|test:inst5|LessThan2~0      ; combout          ;
; |xuat_xung|dda_module:inst|test:inst5|Add2~30       ; |xuat_xung|dda_module:inst|test:inst5|Add2~30          ; combout          ;
; |xuat_xung|dda_module:inst|test:inst5|Add2~30       ; |xuat_xung|dda_module:inst|test:inst5|Add2~32          ; cout0            ;
; |xuat_xung|dda_module:inst|test:inst5|Add2~35       ; |xuat_xung|dda_module:inst|test:inst5|Add2~35          ; combout          ;
; |xuat_xung|dda_module:inst|test:inst5|Add2~35       ; |xuat_xung|dda_module:inst|test:inst5|Add2~37          ; cout0            ;
; |xuat_xung|dda_module:inst|test:inst5|Add2~35       ; |xuat_xung|dda_module:inst|test:inst5|Add2~37COUT1_77  ; cout1            ;
; |xuat_xung|dda_module:inst|test:inst5|Add2~40       ; |xuat_xung|dda_module:inst|test:inst5|Add2~40          ; combout          ;
; |xuat_xung|dda_module:inst|test:inst5|Add2~40       ; |xuat_xung|dda_module:inst|test:inst5|Add2~42          ; cout0            ;
; |xuat_xung|dda_module:inst|test:inst11|Add2~5       ; |xuat_xung|dda_module:inst|test:inst11|Add2~5          ; combout          ;
; |xuat_xung|dda_module:inst|test:inst11|Add2~10      ; |xuat_xung|dda_module:inst|test:inst11|Add2~10         ; combout          ;
; |xuat_xung|dda_module:inst|test:inst11|Add2~10      ; |xuat_xung|dda_module:inst|test:inst11|Add2~12         ; cout0            ;
; |xuat_xung|dda_module:inst|test:inst11|Add2~10      ; |xuat_xung|dda_module:inst|test:inst11|Add2~12COUT1_69 ; cout1            ;
; |xuat_xung|dda_module:inst|test:inst11|Add2~15      ; |xuat_xung|dda_module:inst|test:inst11|Add2~15         ; combout          ;
; |xuat_xung|dda_module:inst|test:inst11|Add2~15      ; |xuat_xung|dda_module:inst|test:inst11|Add2~17         ; cout0            ;
; |xuat_xung|dda_module:inst|test:inst11|Add2~15      ; |xuat_xung|dda_module:inst|test:inst11|Add2~17COUT1_71 ; cout1            ;
; |xuat_xung|dda_module:inst|test:inst11|Add2~20      ; |xuat_xung|dda_module:inst|test:inst11|Add2~20         ; combout          ;
; |xuat_xung|dda_module:inst|test:inst11|Add2~20      ; |xuat_xung|dda_module:inst|test:inst11|Add2~22         ; cout             ;
; |xuat_xung|dda_module:inst|test:inst11|Add2~25      ; |xuat_xung|dda_module:inst|test:inst11|Add2~25         ; combout          ;
; |xuat_xung|dda_module:inst|test:inst11|Add2~25      ; |xuat_xung|dda_module:inst|test:inst11|Add2~27         ; cout0            ;
; |xuat_xung|dda_module:inst|test:inst11|Add2~25      ; |xuat_xung|dda_module:inst|test:inst11|Add2~27COUT1_73 ; cout1            ;
; |xuat_xung|dda_module:inst|test:inst11|LessThan2~0  ; |xuat_xung|dda_module:inst|test:inst11|LessThan2~0     ; combout          ;
; |xuat_xung|dda_module:inst|test:inst11|Add2~30      ; |xuat_xung|dda_module:inst|test:inst11|Add2~30         ; combout          ;
; |xuat_xung|dda_module:inst|test:inst11|Add2~30      ; |xuat_xung|dda_module:inst|test:inst11|Add2~32         ; cout0            ;
; |xuat_xung|dda_module:inst|test:inst11|Add2~35      ; |xuat_xung|dda_module:inst|test:inst11|Add2~35         ; combout          ;
; |xuat_xung|dda_module:inst|test:inst11|Add2~35      ; |xuat_xung|dda_module:inst|test:inst11|Add2~37         ; cout0            ;
; |xuat_xung|dda_module:inst|test:inst11|Add2~35      ; |xuat_xung|dda_module:inst|test:inst11|Add2~37COUT1_77 ; cout1            ;
; |xuat_xung|dda_module:inst|test:inst11|Add2~40      ; |xuat_xung|dda_module:inst|test:inst11|Add2~42         ; cout0            ;
; |xuat_xung|dda_module:inst|test:inst|Add2~0         ; |xuat_xung|dda_module:inst|test:inst|Add2~2            ; cout             ;
; |xuat_xung|dda_module:inst|test:inst|Add2~5         ; |xuat_xung|dda_module:inst|test:inst|Add2~5            ; combout          ;
; |xuat_xung|dda_module:inst|test:inst4|acc[9]        ; |xuat_xung|dda_module:inst|test:inst4|acc[9]           ; regout           ;
; |xuat_xung|dda_module:inst|test:inst4|acc[10]       ; |xuat_xung|dda_module:inst|test:inst4|acc[10]          ; regout           ;
; |xuat_xung|dda_module:inst|test:inst4|acc[2]        ; |xuat_xung|dda_module:inst|test:inst4|acc[2]           ; regout           ;
; |xuat_xung|dda_module:inst|test:inst4|Add2~45       ; |xuat_xung|dda_module:inst|test:inst4|Add2~45          ; combout          ;
; |xuat_xung|dda_module:inst|test:inst4|Add2~45       ; |xuat_xung|dda_module:inst|test:inst4|Add2~47          ; cout0            ;
; |xuat_xung|dda_module:inst|test:inst4|Add2~45       ; |xuat_xung|dda_module:inst|test:inst4|Add2~47COUT1_67  ; cout1            ;
; |xuat_xung|dda_module:inst|test:inst4|acc[3]        ; |xuat_xung|dda_module:inst|test:inst4|acc[3]           ; regout           ;
; |xuat_xung|dda_module:inst|test:inst4|acc[4]        ; |xuat_xung|dda_module:inst|test:inst4|acc[4]           ; regout           ;
; |xuat_xung|dda_module:inst|test:inst4|acc[5]        ; |xuat_xung|dda_module:inst|test:inst4|acc[5]           ; regout           ;
; |xuat_xung|dda_module:inst|test:inst4|acc[6]        ; |xuat_xung|dda_module:inst|test:inst4|acc[6]           ; regout           ;
; |xuat_xung|dda_module:inst|test:inst4|acc[7]        ; |xuat_xung|dda_module:inst|test:inst4|acc[7]           ; regout           ;
; |xuat_xung|dda_module:inst|inst10                   ; |xuat_xung|dda_module:inst|inst10                      ; combout          ;
; |xuat_xung|dda_module:inst|test:inst5|acc[9]        ; |xuat_xung|dda_module:inst|test:inst5|acc[9]           ; regout           ;
; |xuat_xung|dda_module:inst|test:inst5|acc[10]       ; |xuat_xung|dda_module:inst|test:inst5|acc[10]          ; regout           ;
; |xuat_xung|dda_module:inst|test:inst5|acc[2]        ; |xuat_xung|dda_module:inst|test:inst5|acc[2]           ; regout           ;
; |xuat_xung|dda_module:inst|test:inst5|Add2~45       ; |xuat_xung|dda_module:inst|test:inst5|Add2~45          ; combout          ;
; |xuat_xung|dda_module:inst|test:inst5|Add2~45       ; |xuat_xung|dda_module:inst|test:inst5|Add2~47          ; cout0            ;
; |xuat_xung|dda_module:inst|test:inst5|Add2~45       ; |xuat_xung|dda_module:inst|test:inst5|Add2~47COUT1_67  ; cout1            ;
; |xuat_xung|dda_module:inst|test:inst5|acc[3]        ; |xuat_xung|dda_module:inst|test:inst5|acc[3]           ; regout           ;
; |xuat_xung|dda_module:inst|test:inst5|acc[4]        ; |xuat_xung|dda_module:inst|test:inst5|acc[4]           ; regout           ;
; |xuat_xung|dda_module:inst|test:inst5|acc[5]        ; |xuat_xung|dda_module:inst|test:inst5|acc[5]           ; regout           ;
; |xuat_xung|dda_module:inst|test:inst5|acc[6]        ; |xuat_xung|dda_module:inst|test:inst5|acc[6]           ; regout           ;
; |xuat_xung|dda_module:inst|test:inst5|acc[7]        ; |xuat_xung|dda_module:inst|test:inst5|acc[7]           ; regout           ;
; |xuat_xung|dda_module:inst|inst21                   ; |xuat_xung|dda_module:inst|inst21                      ; combout          ;
; |xuat_xung|dda_module:inst|test:inst11|acc[9]       ; |xuat_xung|dda_module:inst|test:inst11|acc[9]          ; regout           ;
; |xuat_xung|dda_module:inst|test:inst11|acc[10]      ; |xuat_xung|dda_module:inst|test:inst11|acc[10]         ; regout           ;
; |xuat_xung|dda_module:inst|test:inst11|acc[2]       ; |xuat_xung|dda_module:inst|test:inst11|acc[2]          ; regout           ;
; |xuat_xung|dda_module:inst|test:inst11|Add2~45      ; |xuat_xung|dda_module:inst|test:inst11|Add2~45         ; combout          ;
; |xuat_xung|dda_module:inst|test:inst11|Add2~45      ; |xuat_xung|dda_module:inst|test:inst11|Add2~47         ; cout0            ;
; |xuat_xung|dda_module:inst|test:inst11|Add2~45      ; |xuat_xung|dda_module:inst|test:inst11|Add2~47COUT1_67 ; cout1            ;
; |xuat_xung|dda_module:inst|test:inst11|acc[3]       ; |xuat_xung|dda_module:inst|test:inst11|acc[3]          ; regout           ;
; |xuat_xung|dda_module:inst|test:inst11|acc[4]       ; |xuat_xung|dda_module:inst|test:inst11|acc[4]          ; regout           ;
; |xuat_xung|dda_module:inst|test:inst11|acc[5]       ; |xuat_xung|dda_module:inst|test:inst11|acc[5]          ; regout           ;
; |xuat_xung|dda_module:inst|test:inst11|acc[6]       ; |xuat_xung|dda_module:inst|test:inst11|acc[6]          ; regout           ;
; |xuat_xung|dda_module:inst|test:inst11|acc[7]       ; |xuat_xung|dda_module:inst|test:inst11|acc[7]          ; regout           ;
; |xuat_xung|dda_module:inst|inst22                   ; |xuat_xung|dda_module:inst|inst22                      ; combout          ;
; |xuat_xung|dda_module:inst|test:inst|acc[9]         ; |xuat_xung|dda_module:inst|test:inst|acc[9]            ; regout           ;
; |xuat_xung|dda_module:inst|test:inst|acc[10]        ; |xuat_xung|dda_module:inst|test:inst|acc[10]           ; regout           ;
; |xuat_xung|dda_module:inst|test:inst4|Add3~0        ; |xuat_xung|dda_module:inst|test:inst4|Add3~2COUT1_66   ; cout1            ;
; |xuat_xung|dda_module:inst|test:inst4|Add3~5        ; |xuat_xung|dda_module:inst|test:inst4|Add3~5           ; combout          ;
; |xuat_xung|dda_module:inst|test:inst4|Add3~10       ; |xuat_xung|dda_module:inst|test:inst4|Add3~10          ; combout          ;
; |xuat_xung|dda_module:inst|test:inst4|Add3~10       ; |xuat_xung|dda_module:inst|test:inst4|Add3~12          ; cout0            ;
; |xuat_xung|dda_module:inst|test:inst4|Add3~10       ; |xuat_xung|dda_module:inst|test:inst4|Add3~12COUT1_54  ; cout1            ;
; |xuat_xung|dda_module:inst|test:inst4|acc[1]        ; |xuat_xung|dda_module:inst|test:inst4|acc[1]           ; regout           ;
; |xuat_xung|dda_module:inst|test:inst4|Add2~50       ; |xuat_xung|dda_module:inst|test:inst4|Add2~50          ; combout          ;
; |xuat_xung|dda_module:inst|test:inst4|Add2~50       ; |xuat_xung|dda_module:inst|test:inst4|Add2~52          ; cout0            ;
; |xuat_xung|dda_module:inst|test:inst4|Add2~50       ; |xuat_xung|dda_module:inst|test:inst4|Add2~52COUT1_65  ; cout1            ;
; |xuat_xung|dda_module:inst|test:inst4|Add3~15       ; |xuat_xung|dda_module:inst|test:inst4|Add3~15          ; combout          ;
; |xuat_xung|dda_module:inst|test:inst4|Add3~15       ; |xuat_xung|dda_module:inst|test:inst4|Add3~17          ; cout0            ;
; |xuat_xung|dda_module:inst|test:inst4|Add3~15       ; |xuat_xung|dda_module:inst|test:inst4|Add3~17COUT1_56  ; cout1            ;
; |xuat_xung|dda_module:inst|test:inst4|Add3~20       ; |xuat_xung|dda_module:inst|test:inst4|Add3~20          ; combout          ;
; |xuat_xung|dda_module:inst|test:inst4|Add3~20       ; |xuat_xung|dda_module:inst|test:inst4|Add3~22          ; cout0            ;
; |xuat_xung|dda_module:inst|test:inst4|Add3~20       ; |xuat_xung|dda_module:inst|test:inst4|Add3~22COUT1_58  ; cout1            ;
; |xuat_xung|dda_module:inst|test:inst4|Add3~25       ; |xuat_xung|dda_module:inst|test:inst4|Add3~25          ; combout          ;
; |xuat_xung|dda_module:inst|test:inst4|Add3~25       ; |xuat_xung|dda_module:inst|test:inst4|Add3~27          ; cout0            ;
; |xuat_xung|dda_module:inst|test:inst4|Add3~25       ; |xuat_xung|dda_module:inst|test:inst4|Add3~27COUT1_60  ; cout1            ;
; |xuat_xung|dda_module:inst|test:inst4|Add3~30       ; |xuat_xung|dda_module:inst|test:inst4|Add3~30          ; combout          ;
; |xuat_xung|dda_module:inst|test:inst4|Add3~30       ; |xuat_xung|dda_module:inst|test:inst4|Add3~32          ; cout             ;
; |xuat_xung|dda_module:inst|test:inst4|Add3~35       ; |xuat_xung|dda_module:inst|test:inst4|Add3~35          ; combout          ;
; |xuat_xung|dda_module:inst|test:inst4|Add3~35       ; |xuat_xung|dda_module:inst|test:inst4|Add3~37          ; cout0            ;
; |xuat_xung|dda_module:inst|test:inst4|Add3~40       ; |xuat_xung|dda_module:inst|test:inst4|Add3~42          ; cout0            ;
; |xuat_xung|dda_module:inst|test:inst4|Add3~40       ; |xuat_xung|dda_module:inst|test:inst4|Add3~42COUT1_64  ; cout1            ;
; |xuat_xung|dda_module:inst|test:inst5|Add3~0        ; |xuat_xung|dda_module:inst|test:inst5|Add3~2COUT1_66   ; cout1            ;
; |xuat_xung|dda_module:inst|test:inst5|Add3~5        ; |xuat_xung|dda_module:inst|test:inst5|Add3~5           ; combout          ;
; |xuat_xung|dda_module:inst|test:inst5|Add3~10       ; |xuat_xung|dda_module:inst|test:inst5|Add3~10          ; combout          ;
; |xuat_xung|dda_module:inst|test:inst5|Add3~10       ; |xuat_xung|dda_module:inst|test:inst5|Add3~12          ; cout0            ;
; |xuat_xung|dda_module:inst|test:inst5|Add3~10       ; |xuat_xung|dda_module:inst|test:inst5|Add3~12COUT1_54  ; cout1            ;
; |xuat_xung|dda_module:inst|test:inst5|LessThan2~3   ; |xuat_xung|dda_module:inst|test:inst5|LessThan2~3      ; combout          ;
; |xuat_xung|dda_module:inst|test:inst5|acc[1]        ; |xuat_xung|dda_module:inst|test:inst5|acc[1]           ; regout           ;
; |xuat_xung|dda_module:inst|test:inst5|Add2~50       ; |xuat_xung|dda_module:inst|test:inst5|Add2~50          ; combout          ;
; |xuat_xung|dda_module:inst|test:inst5|Add2~50       ; |xuat_xung|dda_module:inst|test:inst5|Add2~52          ; cout0            ;
; |xuat_xung|dda_module:inst|test:inst5|Add2~50       ; |xuat_xung|dda_module:inst|test:inst5|Add2~52COUT1_65  ; cout1            ;
; |xuat_xung|dda_module:inst|test:inst5|Add3~15       ; |xuat_xung|dda_module:inst|test:inst5|Add3~15          ; combout          ;
; |xuat_xung|dda_module:inst|test:inst5|Add3~15       ; |xuat_xung|dda_module:inst|test:inst5|Add3~17          ; cout0            ;
; |xuat_xung|dda_module:inst|test:inst5|Add3~15       ; |xuat_xung|dda_module:inst|test:inst5|Add3~17COUT1_56  ; cout1            ;
; |xuat_xung|dda_module:inst|test:inst5|Add3~20       ; |xuat_xung|dda_module:inst|test:inst5|Add3~20          ; combout          ;
; |xuat_xung|dda_module:inst|test:inst5|Add3~20       ; |xuat_xung|dda_module:inst|test:inst5|Add3~22          ; cout0            ;
; |xuat_xung|dda_module:inst|test:inst5|Add3~20       ; |xuat_xung|dda_module:inst|test:inst5|Add3~22COUT1_58  ; cout1            ;
; |xuat_xung|dda_module:inst|test:inst5|Add3~25       ; |xuat_xung|dda_module:inst|test:inst5|Add3~25          ; combout          ;
; |xuat_xung|dda_module:inst|test:inst5|Add3~25       ; |xuat_xung|dda_module:inst|test:inst5|Add3~27          ; cout0            ;
; |xuat_xung|dda_module:inst|test:inst5|Add3~25       ; |xuat_xung|dda_module:inst|test:inst5|Add3~27COUT1_60  ; cout1            ;
; |xuat_xung|dda_module:inst|test:inst5|Add3~30       ; |xuat_xung|dda_module:inst|test:inst5|Add3~30          ; combout          ;
; |xuat_xung|dda_module:inst|test:inst5|Add3~30       ; |xuat_xung|dda_module:inst|test:inst5|Add3~32          ; cout             ;
; |xuat_xung|dda_module:inst|test:inst5|Add3~35       ; |xuat_xung|dda_module:inst|test:inst5|Add3~35          ; combout          ;
; |xuat_xung|dda_module:inst|test:inst5|Add3~35       ; |xuat_xung|dda_module:inst|test:inst5|Add3~37          ; cout0            ;
; |xuat_xung|dda_module:inst|test:inst5|Add3~40       ; |xuat_xung|dda_module:inst|test:inst5|Add3~42          ; cout0            ;
; |xuat_xung|dda_module:inst|test:inst5|Add3~40       ; |xuat_xung|dda_module:inst|test:inst5|Add3~42COUT1_64  ; cout1            ;
; |xuat_xung|dda_module:inst|test:inst11|Add3~0       ; |xuat_xung|dda_module:inst|test:inst11|Add3~2COUT1_66  ; cout1            ;
; |xuat_xung|dda_module:inst|test:inst11|Add3~5       ; |xuat_xung|dda_module:inst|test:inst11|Add3~5          ; combout          ;
; |xuat_xung|dda_module:inst|test:inst11|Add3~10      ; |xuat_xung|dda_module:inst|test:inst11|Add3~10         ; combout          ;
; |xuat_xung|dda_module:inst|test:inst11|Add3~10      ; |xuat_xung|dda_module:inst|test:inst11|Add3~12         ; cout0            ;
; |xuat_xung|dda_module:inst|test:inst11|Add3~10      ; |xuat_xung|dda_module:inst|test:inst11|Add3~12COUT1_54 ; cout1            ;
; |xuat_xung|dda_module:inst|test:inst11|LessThan2~3  ; |xuat_xung|dda_module:inst|test:inst11|LessThan2~3     ; combout          ;
; |xuat_xung|dda_module:inst|test:inst11|acc[1]       ; |xuat_xung|dda_module:inst|test:inst11|acc[1]          ; regout           ;
; |xuat_xung|dda_module:inst|test:inst11|Add2~50      ; |xuat_xung|dda_module:inst|test:inst11|Add2~50         ; combout          ;
; |xuat_xung|dda_module:inst|test:inst11|Add2~50      ; |xuat_xung|dda_module:inst|test:inst11|Add2~52         ; cout0            ;
; |xuat_xung|dda_module:inst|test:inst11|Add2~50      ; |xuat_xung|dda_module:inst|test:inst11|Add2~52COUT1_65 ; cout1            ;
; |xuat_xung|dda_module:inst|test:inst11|Add3~15      ; |xuat_xung|dda_module:inst|test:inst11|Add3~15         ; combout          ;
; |xuat_xung|dda_module:inst|test:inst11|Add3~15      ; |xuat_xung|dda_module:inst|test:inst11|Add3~17         ; cout0            ;
; |xuat_xung|dda_module:inst|test:inst11|Add3~15      ; |xuat_xung|dda_module:inst|test:inst11|Add3~17COUT1_56 ; cout1            ;
; |xuat_xung|dda_module:inst|test:inst11|Add3~20      ; |xuat_xung|dda_module:inst|test:inst11|Add3~20         ; combout          ;
; |xuat_xung|dda_module:inst|test:inst11|Add3~20      ; |xuat_xung|dda_module:inst|test:inst11|Add3~22         ; cout0            ;
; |xuat_xung|dda_module:inst|test:inst11|Add3~20      ; |xuat_xung|dda_module:inst|test:inst11|Add3~22COUT1_58 ; cout1            ;
; |xuat_xung|dda_module:inst|test:inst11|Add3~25      ; |xuat_xung|dda_module:inst|test:inst11|Add3~25         ; combout          ;
; |xuat_xung|dda_module:inst|test:inst11|Add3~25      ; |xuat_xung|dda_module:inst|test:inst11|Add3~27         ; cout0            ;
; |xuat_xung|dda_module:inst|test:inst11|Add3~25      ; |xuat_xung|dda_module:inst|test:inst11|Add3~27COUT1_60 ; cout1            ;
; |xuat_xung|dda_module:inst|test:inst11|Add3~30      ; |xuat_xung|dda_module:inst|test:inst11|Add3~30         ; combout          ;
; |xuat_xung|dda_module:inst|test:inst11|Add3~30      ; |xuat_xung|dda_module:inst|test:inst11|Add3~32         ; cout             ;
; |xuat_xung|dda_module:inst|test:inst11|Add3~35      ; |xuat_xung|dda_module:inst|test:inst11|Add3~35         ; combout          ;
; |xuat_xung|dda_module:inst|test:inst11|Add3~35      ; |xuat_xung|dda_module:inst|test:inst11|Add3~37         ; cout0            ;
; |xuat_xung|dda_module:inst|test:inst11|Add3~40      ; |xuat_xung|dda_module:inst|test:inst11|Add3~42         ; cout0            ;
; |xuat_xung|dda_module:inst|test:inst11|Add3~40      ; |xuat_xung|dda_module:inst|test:inst11|Add3~42COUT1_64 ; cout1            ;
; |xuat_xung|dda_module:inst|test:inst|Add3~35        ; |xuat_xung|dda_module:inst|test:inst|Add3~37           ; cout0            ;
; |xuat_xung|dda_module:inst|test:inst|Add3~40        ; |xuat_xung|dda_module:inst|test:inst|Add3~42           ; cout0            ;
; |xuat_xung|dda_module:inst|test:inst4|acc[0]        ; |xuat_xung|dda_module:inst|test:inst4|acc[0]           ; regout           ;
; |xuat_xung|dda_module:inst|test:inst5|acc[0]        ; |xuat_xung|dda_module:inst|test:inst5|acc[0]           ; regout           ;
; |xuat_xung|dda_module:inst|test:inst11|acc[0]       ; |xuat_xung|dda_module:inst|test:inst11|acc[0]          ; regout           ;
; |xuat_xung|dda_module:inst|test:inst4|dir           ; |xuat_xung|dda_module:inst|test:inst4|dir              ; regout           ;
; |xuat_xung|dda_module:inst|test:inst5|dir           ; |xuat_xung|dda_module:inst|test:inst5|dir              ; regout           ;
; |xuat_xung|dda_module:inst|test:inst11|dir          ; |xuat_xung|dda_module:inst|test:inst11|dir             ; regout           ;
; |xuat_xung|dda_module:inst|test:inst|dir            ; |xuat_xung|dda_module:inst|test:inst|dir               ; regout           ;
; |xuat_xung|74373b:inst1|13                          ; |xuat_xung|74373b:inst1|13                             ; combout          ;
; |xuat_xung|74373b:inst1|14                          ; |xuat_xung|74373b:inst1|14                             ; combout          ;
; |xuat_xung|74373b:inst1|12                          ; |xuat_xung|74373b:inst1|12                             ; combout          ;
; |xuat_xung|74373b:inst1|18                          ; |xuat_xung|74373b:inst1|18                             ; combout          ;
; |xuat_xung|74373b:inst1|17                          ; |xuat_xung|74373b:inst1|17                             ; combout          ;
; |xuat_xung|74373b:inst1|16                          ; |xuat_xung|74373b:inst1|16                             ; combout          ;
; |xuat_xung|dda_module:inst|test:inst4|Ntemp[2]      ; |xuat_xung|dda_module:inst|test:inst4|Ntemp[2]         ; regout           ;
; |xuat_xung|dda_module:inst|test:inst4|Ntemp[3]      ; |xuat_xung|dda_module:inst|test:inst4|Ntemp[3]         ; regout           ;
; |xuat_xung|dda_module:inst|test:inst4|Ntemp[4]      ; |xuat_xung|dda_module:inst|test:inst4|Ntemp[4]         ; regout           ;
; |xuat_xung|dda_module:inst|test:inst4|Ntemp[5]      ; |xuat_xung|dda_module:inst|test:inst4|Ntemp[5]         ; regout           ;
; |xuat_xung|dda_module:inst|test:inst4|Ntemp[6]      ; |xuat_xung|dda_module:inst|test:inst4|Ntemp[6]         ; regout           ;
; |xuat_xung|dda_module:inst|test:inst5|Ntemp[2]      ; |xuat_xung|dda_module:inst|test:inst5|Ntemp[2]         ; regout           ;
; |xuat_xung|dda_module:inst|test:inst5|Ntemp[3]      ; |xuat_xung|dda_module:inst|test:inst5|Ntemp[3]         ; regout           ;
; |xuat_xung|dda_module:inst|test:inst5|Ntemp[4]      ; |xuat_xung|dda_module:inst|test:inst5|Ntemp[4]         ; regout           ;
; |xuat_xung|dda_module:inst|test:inst5|Ntemp[5]      ; |xuat_xung|dda_module:inst|test:inst5|Ntemp[5]         ; regout           ;
; |xuat_xung|dda_module:inst|test:inst5|Ntemp[6]      ; |xuat_xung|dda_module:inst|test:inst5|Ntemp[6]         ; regout           ;
; |xuat_xung|dda_module:inst|test:inst11|Ntemp[2]     ; |xuat_xung|dda_module:inst|test:inst11|Ntemp[2]        ; regout           ;
; |xuat_xung|dda_module:inst|test:inst11|Ntemp[3]     ; |xuat_xung|dda_module:inst|test:inst11|Ntemp[3]        ; regout           ;
; |xuat_xung|dda_module:inst|test:inst11|Ntemp[4]     ; |xuat_xung|dda_module:inst|test:inst11|Ntemp[4]        ; regout           ;
; |xuat_xung|dda_module:inst|test:inst11|Ntemp[5]     ; |xuat_xung|dda_module:inst|test:inst11|Ntemp[5]        ; regout           ;
; |xuat_xung|dda_module:inst|test:inst11|Ntemp[6]     ; |xuat_xung|dda_module:inst|test:inst11|Ntemp[6]        ; regout           ;
; |xuat_xung|dda_module:inst|test:inst|Ntemp[3]       ; |xuat_xung|dda_module:inst|test:inst|Ntemp[3]          ; regout           ;
; |xuat_xung|dda_module:inst|test:inst|Ntemp[6]       ; |xuat_xung|dda_module:inst|test:inst|Ntemp[6]          ; regout           ;
; |xuat_xung|dda_module:inst|test:inst4|Ntemp[1]      ; |xuat_xung|dda_module:inst|test:inst4|Ntemp[1]         ; regout           ;
; |xuat_xung|dda_module:inst|test:inst5|Ntemp[1]      ; |xuat_xung|dda_module:inst|test:inst5|Ntemp[1]         ; regout           ;
; |xuat_xung|dda_module:inst|test:inst11|Ntemp[1]     ; |xuat_xung|dda_module:inst|test:inst11|Ntemp[1]        ; regout           ;
; |xuat_xung|dda_module:inst|test:inst4|Ntemp[0]      ; |xuat_xung|dda_module:inst|test:inst4|Ntemp[0]         ; regout           ;
; |xuat_xung|dda_module:inst|test:inst5|Ntemp[0]      ; |xuat_xung|dda_module:inst|test:inst5|Ntemp[0]         ; regout           ;
; |xuat_xung|dda_module:inst|test:inst11|Ntemp[0]     ; |xuat_xung|dda_module:inst|test:inst11|Ntemp[0]        ; regout           ;
; |xuat_xung|STOP                                     ; |xuat_xung|STOP~corein                                 ; combout          ;
; |xuat_xung|LS1                                      ; |xuat_xung|LS1~corein                                  ; combout          ;
; |xuat_xung|LS2                                      ; |xuat_xung|LS2~corein                                  ; combout          ;
; |xuat_xung|LS3                                      ; |xuat_xung|LS3~corein                                  ; combout          ;
; |xuat_xung|LS0                                      ; |xuat_xung|LS0~corein                                  ; combout          ;
; |xuat_xung|NOE                                      ; |xuat_xung|NOE~corein                                  ; combout          ;
; |xuat_xung|dir0                                     ; |xuat_xung|dir0                                        ; padio            ;
; |xuat_xung|dir1                                     ; |xuat_xung|dir1                                        ; padio            ;
; |xuat_xung|dir2                                     ; |xuat_xung|dir2                                        ; padio            ;
; |xuat_xung|dir3                                     ; |xuat_xung|dir3                                        ; padio            ;
; |xuat_xung|Data[15]                                 ; |xuat_xung|Data[15]~output                             ; padio            ;
; |xuat_xung|Data[14]                                 ; |xuat_xung|Data[14]~output                             ; padio            ;
; |xuat_xung|Data[13]                                 ; |xuat_xung|Data[13]~output                             ; padio            ;
; |xuat_xung|Data[12]                                 ; |xuat_xung|Data[12]~output                             ; padio            ;
; |xuat_xung|Data[11]                                 ; |xuat_xung|Data[11]~output                             ; padio            ;
; |xuat_xung|Data[10]                                 ; |xuat_xung|Data[10]~output                             ; padio            ;
; |xuat_xung|Data[9]                                  ; |xuat_xung|Data[9]~output                              ; padio            ;
; |xuat_xung|Data[8]                                  ; |xuat_xung|Data[8]~output                              ; padio            ;
; |xuat_xung|Data[7]                                  ; |xuat_xung|Data~8                                      ; combout          ;
; |xuat_xung|Data[7]                                  ; |xuat_xung|Data[7]~output                              ; padio            ;
; |xuat_xung|Data[6]                                  ; |xuat_xung|Data~9                                      ; combout          ;
; |xuat_xung|Data[6]                                  ; |xuat_xung|Data[6]~output                              ; padio            ;
; |xuat_xung|Data[5]                                  ; |xuat_xung|Data[5]~output                              ; padio            ;
; |xuat_xung|Data[4]                                  ; |xuat_xung|Data[4]~output                              ; padio            ;
; |xuat_xung|Data[3]                                  ; |xuat_xung|Data~12                                     ; combout          ;
; |xuat_xung|Data[3]                                  ; |xuat_xung|Data[3]~output                              ; padio            ;
; |xuat_xung|Data[2]                                  ; |xuat_xung|Data[2]~output                              ; padio            ;
; |xuat_xung|Data[1]                                  ; |xuat_xung|Data[1]~output                              ; padio            ;
; |xuat_xung|Data[0]                                  ; |xuat_xung|Data[0]~output                              ; padio            ;
+-----------------------------------------------------+--------------------------------------------------------+------------------+


The following table displays output ports that do not toggle to 0 during simulation.
+---------------------------------------------------------------------------------------------------------------------------------+
; Missing 0-Value Coverage                                                                                                        ;
+-----------------------------------------------------+--------------------------------------------------------+------------------+
; Node Name                                           ; Output Port Name                                       ; Output Port Type ;
+-----------------------------------------------------+--------------------------------------------------------+------------------+
; |xuat_xung|limit_check:inst5|inst20                 ; |xuat_xung|limit_check:inst5|inst19                    ; combout          ;
; |xuat_xung|limit_check:inst5|inst16                 ; |xuat_xung|limit_check:inst5|inst15                    ; combout          ;
; |xuat_xung|limit_check:inst5|inst13                 ; |xuat_xung|limit_check:inst5|inst12                    ; combout          ;
; |xuat_xung|limit_check:inst5|inst24                 ; |xuat_xung|limit_check:inst5|inst23                    ; combout          ;
; |xuat_xung|dda_module:inst|test:inst4|Add2~0        ; |xuat_xung|dda_module:inst|test:inst4|Add2~2           ; cout             ;
; |xuat_xung|dda_module:inst|test:inst4|Add2~10       ; |xuat_xung|dda_module:inst|test:inst4|Add2~10          ; combout          ;
; |xuat_xung|dda_module:inst|test:inst4|Add2~10       ; |xuat_xung|dda_module:inst|test:inst4|Add2~12          ; cout0            ;
; |xuat_xung|dda_module:inst|test:inst4|Add2~10       ; |xuat_xung|dda_module:inst|test:inst4|Add2~12COUT1_69  ; cout1            ;
; |xuat_xung|dda_module:inst|test:inst4|Add2~15       ; |xuat_xung|dda_module:inst|test:inst4|Add2~15          ; combout          ;
; |xuat_xung|dda_module:inst|test:inst4|Add2~15       ; |xuat_xung|dda_module:inst|test:inst4|Add2~17          ; cout0            ;
; |xuat_xung|dda_module:inst|test:inst4|Add2~15       ; |xuat_xung|dda_module:inst|test:inst4|Add2~17COUT1_71  ; cout1            ;
; |xuat_xung|dda_module:inst|test:inst4|Add2~20       ; |xuat_xung|dda_module:inst|test:inst4|Add2~20          ; combout          ;
; |xuat_xung|dda_module:inst|test:inst4|Add2~20       ; |xuat_xung|dda_module:inst|test:inst4|Add2~22          ; cout             ;
; |xuat_xung|dda_module:inst|test:inst4|Add2~25       ; |xuat_xung|dda_module:inst|test:inst4|Add2~25          ; combout          ;
; |xuat_xung|dda_module:inst|test:inst4|Add2~25       ; |xuat_xung|dda_module:inst|test:inst4|Add2~27          ; cout0            ;
; |xuat_xung|dda_module:inst|test:inst4|LessThan2~0   ; |xuat_xung|dda_module:inst|test:inst4|LessThan2~0      ; combout          ;
; |xuat_xung|dda_module:inst|test:inst4|Add2~30       ; |xuat_xung|dda_module:inst|test:inst4|Add2~30          ; combout          ;
; |xuat_xung|dda_module:inst|test:inst4|Add2~30       ; |xuat_xung|dda_module:inst|test:inst4|Add2~32          ; cout0            ;
; |xuat_xung|dda_module:inst|test:inst4|Add2~30       ; |xuat_xung|dda_module:inst|test:inst4|Add2~32COUT1_75  ; cout1            ;
; |xuat_xung|dda_module:inst|test:inst4|Add2~35       ; |xuat_xung|dda_module:inst|test:inst4|Add2~37          ; cout0            ;
; |xuat_xung|dda_module:inst|test:inst4|LessThan2~1   ; |xuat_xung|dda_module:inst|test:inst4|LessThan2~1      ; combout          ;
; |xuat_xung|dda_module:inst|test:inst11|clk_20cnt[9] ; |xuat_xung|dda_module:inst|test:inst11|clk_20cnt[9]~3  ; cout             ;
; |xuat_xung|dda_module:inst|test:inst11|clk_20cnt[5] ; |xuat_xung|dda_module:inst|test:inst11|clk_20cnt[5]~13 ; cout0            ;
; |xuat_xung|dda_module:inst|test:inst11|clk_20cnt[6] ; |xuat_xung|dda_module:inst|test:inst11|clk_20cnt[6]~15 ; cout0            ;
; |xuat_xung|dda_module:inst|test:inst11|clk_20cnt[7] ; |xuat_xung|dda_module:inst|test:inst11|clk_20cnt[7]~17 ; cout0            ;
; |xuat_xung|dda_module:inst|test:inst11|clk_20cnt[8] ; |xuat_xung|dda_module:inst|test:inst11|clk_20cnt[8]~19 ; cout0            ;
; |xuat_xung|dda_module:inst|test:inst11|clk_cnt[5]   ; |xuat_xung|dda_module:inst|test:inst11|clk_cnt[5]~13   ; cout0            ;
; |xuat_xung|dda_module:inst|test:inst11|clk_cnt[6]   ; |xuat_xung|dda_module:inst|test:inst11|clk_cnt[6]~15   ; cout0            ;
; |xuat_xung|dda_module:inst|test:inst5|Add2~0        ; |xuat_xung|dda_module:inst|test:inst5|Add2~2           ; cout             ;
; |xuat_xung|dda_module:inst|test:inst5|Add2~10       ; |xuat_xung|dda_module:inst|test:inst5|Add2~10          ; combout          ;
; |xuat_xung|dda_module:inst|test:inst5|Add2~10       ; |xuat_xung|dda_module:inst|test:inst5|Add2~12          ; cout0            ;
; |xuat_xung|dda_module:inst|test:inst5|Add2~10       ; |xuat_xung|dda_module:inst|test:inst5|Add2~12COUT1_69  ; cout1            ;
; |xuat_xung|dda_module:inst|test:inst5|Add2~15       ; |xuat_xung|dda_module:inst|test:inst5|Add2~15          ; combout          ;
; |xuat_xung|dda_module:inst|test:inst5|Add2~15       ; |xuat_xung|dda_module:inst|test:inst5|Add2~17          ; cout0            ;
; |xuat_xung|dda_module:inst|test:inst5|Add2~15       ; |xuat_xung|dda_module:inst|test:inst5|Add2~17COUT1_71  ; cout1            ;
; |xuat_xung|dda_module:inst|test:inst5|Add2~20       ; |xuat_xung|dda_module:inst|test:inst5|Add2~20          ; combout          ;
; |xuat_xung|dda_module:inst|test:inst5|Add2~20       ; |xuat_xung|dda_module:inst|test:inst5|Add2~22          ; cout             ;
; |xuat_xung|dda_module:inst|test:inst5|Add2~25       ; |xuat_xung|dda_module:inst|test:inst5|Add2~25          ; combout          ;
; |xuat_xung|dda_module:inst|test:inst5|Add2~25       ; |xuat_xung|dda_module:inst|test:inst5|Add2~27          ; cout0            ;
; |xuat_xung|dda_module:inst|test:inst5|LessThan2~0   ; |xuat_xung|dda_module:inst|test:inst5|LessThan2~0      ; combout          ;
; |xuat_xung|dda_module:inst|test:inst5|Add2~30       ; |xuat_xung|dda_module:inst|test:inst5|Add2~30          ; combout          ;
; |xuat_xung|dda_module:inst|test:inst5|Add2~30       ; |xuat_xung|dda_module:inst|test:inst5|Add2~32          ; cout0            ;
; |xuat_xung|dda_module:inst|test:inst5|Add2~30       ; |xuat_xung|dda_module:inst|test:inst5|Add2~32COUT1_75  ; cout1            ;
; |xuat_xung|dda_module:inst|test:inst5|Add2~35       ; |xuat_xung|dda_module:inst|test:inst5|Add2~37          ; cout0            ;
; |xuat_xung|dda_module:inst|test:inst5|LessThan2~1   ; |xuat_xung|dda_module:inst|test:inst5|LessThan2~1      ; combout          ;
; |xuat_xung|dda_module:inst|test:inst11|Add2~0       ; |xuat_xung|dda_module:inst|test:inst11|Add2~2          ; cout             ;
; |xuat_xung|dda_module:inst|test:inst11|Add2~10      ; |xuat_xung|dda_module:inst|test:inst11|Add2~10         ; combout          ;
; |xuat_xung|dda_module:inst|test:inst11|Add2~10      ; |xuat_xung|dda_module:inst|test:inst11|Add2~12         ; cout0            ;
; |xuat_xung|dda_module:inst|test:inst11|Add2~10      ; |xuat_xung|dda_module:inst|test:inst11|Add2~12COUT1_69 ; cout1            ;
; |xuat_xung|dda_module:inst|test:inst11|Add2~15      ; |xuat_xung|dda_module:inst|test:inst11|Add2~15         ; combout          ;
; |xuat_xung|dda_module:inst|test:inst11|Add2~15      ; |xuat_xung|dda_module:inst|test:inst11|Add2~17         ; cout0            ;
; |xuat_xung|dda_module:inst|test:inst11|Add2~15      ; |xuat_xung|dda_module:inst|test:inst11|Add2~17COUT1_71 ; cout1            ;
; |xuat_xung|dda_module:inst|test:inst11|Add2~20      ; |xuat_xung|dda_module:inst|test:inst11|Add2~20         ; combout          ;
; |xuat_xung|dda_module:inst|test:inst11|Add2~20      ; |xuat_xung|dda_module:inst|test:inst11|Add2~22         ; cout             ;
; |xuat_xung|dda_module:inst|test:inst11|Add2~25      ; |xuat_xung|dda_module:inst|test:inst11|Add2~25         ; combout          ;
; |xuat_xung|dda_module:inst|test:inst11|Add2~25      ; |xuat_xung|dda_module:inst|test:inst11|Add2~27         ; cout0            ;
; |xuat_xung|dda_module:inst|test:inst11|LessThan2~0  ; |xuat_xung|dda_module:inst|test:inst11|LessThan2~0     ; combout          ;
; |xuat_xung|dda_module:inst|test:inst11|Add2~30      ; |xuat_xung|dda_module:inst|test:inst11|Add2~30         ; combout          ;
; |xuat_xung|dda_module:inst|test:inst11|Add2~30      ; |xuat_xung|dda_module:inst|test:inst11|Add2~32         ; cout0            ;
; |xuat_xung|dda_module:inst|test:inst11|Add2~30      ; |xuat_xung|dda_module:inst|test:inst11|Add2~32COUT1_75 ; cout1            ;
; |xuat_xung|dda_module:inst|test:inst11|Add2~35      ; |xuat_xung|dda_module:inst|test:inst11|Add2~37         ; cout0            ;
; |xuat_xung|dda_module:inst|test:inst11|LessThan2~1  ; |xuat_xung|dda_module:inst|test:inst11|LessThan2~1     ; combout          ;
; |xuat_xung|dda_module:inst|test:inst11|LessThan2~2  ; |xuat_xung|dda_module:inst|test:inst11|LessThan2~2     ; combout          ;
; |xuat_xung|dda_module:inst|test:inst|Add2~0         ; |xuat_xung|dda_module:inst|test:inst|Add2~2            ; cout             ;
; |xuat_xung|dda_module:inst|test:inst|Add2~5         ; |xuat_xung|dda_module:inst|test:inst|Add2~5            ; combout          ;
; |xuat_xung|dda_module:inst|test:inst4|Add2~45       ; |xuat_xung|dda_module:inst|test:inst4|Add2~45          ; combout          ;
; |xuat_xung|dda_module:inst|test:inst4|Add2~45       ; |xuat_xung|dda_module:inst|test:inst4|Add2~47          ; cout0            ;
; |xuat_xung|dda_module:inst|test:inst4|Add2~45       ; |xuat_xung|dda_module:inst|test:inst4|Add2~47COUT1_67  ; cout1            ;
; |xuat_xung|dda_module:inst|inst10                   ; |xuat_xung|dda_module:inst|inst10                      ; combout          ;
; |xuat_xung|dda_module:inst|test:inst5|Add2~45       ; |xuat_xung|dda_module:inst|test:inst5|Add2~45          ; combout          ;
; |xuat_xung|dda_module:inst|test:inst5|Add2~45       ; |xuat_xung|dda_module:inst|test:inst5|Add2~47          ; cout0            ;
; |xuat_xung|dda_module:inst|test:inst5|Add2~45       ; |xuat_xung|dda_module:inst|test:inst5|Add2~47COUT1_67  ; cout1            ;
; |xuat_xung|dda_module:inst|inst21                   ; |xuat_xung|dda_module:inst|inst21                      ; combout          ;
; |xuat_xung|dda_module:inst|test:inst11|Add2~45      ; |xuat_xung|dda_module:inst|test:inst11|Add2~45         ; combout          ;
; |xuat_xung|dda_module:inst|test:inst11|Add2~45      ; |xuat_xung|dda_module:inst|test:inst11|Add2~47         ; cout0            ;
; |xuat_xung|dda_module:inst|test:inst11|Add2~45      ; |xuat_xung|dda_module:inst|test:inst11|Add2~47COUT1_67 ; cout1            ;
; |xuat_xung|dda_module:inst|inst22                   ; |xuat_xung|dda_module:inst|inst22                      ; combout          ;
; |xuat_xung|dda_module:inst|test:inst|acc[9]         ; |xuat_xung|dda_module:inst|test:inst|acc[9]            ; regout           ;
; |xuat_xung|dda_module:inst|test:inst|acc[10]        ; |xuat_xung|dda_module:inst|test:inst|acc[10]           ; regout           ;
; |xuat_xung|inst8~0                                  ; |xuat_xung|inst8~0                                     ; combout          ;
; |xuat_xung|dda_module:inst|test:inst4|Add3~10       ; |xuat_xung|dda_module:inst|test:inst4|Add3~10          ; combout          ;
; |xuat_xung|dda_module:inst|test:inst4|Add3~10       ; |xuat_xung|dda_module:inst|test:inst4|Add3~12          ; cout0            ;
; |xuat_xung|dda_module:inst|test:inst4|Add3~10       ; |xuat_xung|dda_module:inst|test:inst4|Add3~12COUT1_54  ; cout1            ;
; |xuat_xung|dda_module:inst|test:inst4|Add2~50       ; |xuat_xung|dda_module:inst|test:inst4|Add2~50          ; combout          ;
; |xuat_xung|dda_module:inst|test:inst4|Add3~15       ; |xuat_xung|dda_module:inst|test:inst4|Add3~15          ; combout          ;
; |xuat_xung|dda_module:inst|test:inst4|Add3~15       ; |xuat_xung|dda_module:inst|test:inst4|Add3~17          ; cout0            ;
; |xuat_xung|dda_module:inst|test:inst4|Add3~15       ; |xuat_xung|dda_module:inst|test:inst4|Add3~17COUT1_56  ; cout1            ;
; |xuat_xung|dda_module:inst|test:inst4|Add3~20       ; |xuat_xung|dda_module:inst|test:inst4|Add3~20          ; combout          ;
; |xuat_xung|dda_module:inst|test:inst4|Add3~20       ; |xuat_xung|dda_module:inst|test:inst4|Add3~22          ; cout0            ;
; |xuat_xung|dda_module:inst|test:inst4|Add3~20       ; |xuat_xung|dda_module:inst|test:inst4|Add3~22COUT1_58  ; cout1            ;
; |xuat_xung|dda_module:inst|test:inst4|Add3~25       ; |xuat_xung|dda_module:inst|test:inst4|Add3~25          ; combout          ;
; |xuat_xung|dda_module:inst|test:inst4|Add3~25       ; |xuat_xung|dda_module:inst|test:inst4|Add3~27          ; cout0            ;
; |xuat_xung|dda_module:inst|test:inst4|Add3~25       ; |xuat_xung|dda_module:inst|test:inst4|Add3~27COUT1_60  ; cout1            ;
; |xuat_xung|dda_module:inst|test:inst4|Add3~30       ; |xuat_xung|dda_module:inst|test:inst4|Add3~30          ; combout          ;
; |xuat_xung|dda_module:inst|test:inst4|Add3~30       ; |xuat_xung|dda_module:inst|test:inst4|Add3~32          ; cout             ;
; |xuat_xung|dda_module:inst|test:inst4|Add3~35       ; |xuat_xung|dda_module:inst|test:inst4|Add3~35          ; combout          ;
; |xuat_xung|dda_module:inst|test:inst4|Add3~35       ; |xuat_xung|dda_module:inst|test:inst4|Add3~37          ; cout0            ;
; |xuat_xung|dda_module:inst|test:inst4|Add3~35       ; |xuat_xung|dda_module:inst|test:inst4|Add3~37COUT1_62  ; cout1            ;
; |xuat_xung|dda_module:inst|test:inst4|Add3~40       ; |xuat_xung|dda_module:inst|test:inst4|Add3~42          ; cout0            ;
; |xuat_xung|dda_module:inst|test:inst5|Add3~10       ; |xuat_xung|dda_module:inst|test:inst5|Add3~10          ; combout          ;
; |xuat_xung|dda_module:inst|test:inst5|Add3~10       ; |xuat_xung|dda_module:inst|test:inst5|Add3~12          ; cout0            ;
; |xuat_xung|dda_module:inst|test:inst5|Add3~10       ; |xuat_xung|dda_module:inst|test:inst5|Add3~12COUT1_54  ; cout1            ;
; |xuat_xung|dda_module:inst|test:inst5|Add2~50       ; |xuat_xung|dda_module:inst|test:inst5|Add2~50          ; combout          ;
; |xuat_xung|dda_module:inst|test:inst5|Add3~15       ; |xuat_xung|dda_module:inst|test:inst5|Add3~15          ; combout          ;
; |xuat_xung|dda_module:inst|test:inst5|Add3~15       ; |xuat_xung|dda_module:inst|test:inst5|Add3~17          ; cout0            ;
; |xuat_xung|dda_module:inst|test:inst5|Add3~15       ; |xuat_xung|dda_module:inst|test:inst5|Add3~17COUT1_56  ; cout1            ;
; |xuat_xung|dda_module:inst|test:inst5|Add3~20       ; |xuat_xung|dda_module:inst|test:inst5|Add3~20          ; combout          ;
; |xuat_xung|dda_module:inst|test:inst5|Add3~20       ; |xuat_xung|dda_module:inst|test:inst5|Add3~22          ; cout0            ;
; |xuat_xung|dda_module:inst|test:inst5|Add3~20       ; |xuat_xung|dda_module:inst|test:inst5|Add3~22COUT1_58  ; cout1            ;
; |xuat_xung|dda_module:inst|test:inst5|Add3~25       ; |xuat_xung|dda_module:inst|test:inst5|Add3~25          ; combout          ;
; |xuat_xung|dda_module:inst|test:inst5|Add3~25       ; |xuat_xung|dda_module:inst|test:inst5|Add3~27          ; cout0            ;
; |xuat_xung|dda_module:inst|test:inst5|Add3~25       ; |xuat_xung|dda_module:inst|test:inst5|Add3~27COUT1_60  ; cout1            ;
; |xuat_xung|dda_module:inst|test:inst5|Add3~30       ; |xuat_xung|dda_module:inst|test:inst5|Add3~30          ; combout          ;
; |xuat_xung|dda_module:inst|test:inst5|Add3~30       ; |xuat_xung|dda_module:inst|test:inst5|Add3~32          ; cout             ;
; |xuat_xung|dda_module:inst|test:inst5|Add3~35       ; |xuat_xung|dda_module:inst|test:inst5|Add3~35          ; combout          ;
; |xuat_xung|dda_module:inst|test:inst5|Add3~35       ; |xuat_xung|dda_module:inst|test:inst5|Add3~37          ; cout0            ;
; |xuat_xung|dda_module:inst|test:inst5|Add3~35       ; |xuat_xung|dda_module:inst|test:inst5|Add3~37COUT1_62  ; cout1            ;
; |xuat_xung|dda_module:inst|test:inst5|Add3~40       ; |xuat_xung|dda_module:inst|test:inst5|Add3~42          ; cout0            ;
; |xuat_xung|dda_module:inst|test:inst11|Add3~10      ; |xuat_xung|dda_module:inst|test:inst11|Add3~10         ; combout          ;
; |xuat_xung|dda_module:inst|test:inst11|Add3~10      ; |xuat_xung|dda_module:inst|test:inst11|Add3~12         ; cout0            ;
; |xuat_xung|dda_module:inst|test:inst11|Add3~10      ; |xuat_xung|dda_module:inst|test:inst11|Add3~12COUT1_54 ; cout1            ;
; |xuat_xung|dda_module:inst|test:inst11|Add2~50      ; |xuat_xung|dda_module:inst|test:inst11|Add2~50         ; combout          ;
; |xuat_xung|dda_module:inst|test:inst11|Add3~15      ; |xuat_xung|dda_module:inst|test:inst11|Add3~15         ; combout          ;
; |xuat_xung|dda_module:inst|test:inst11|Add3~15      ; |xuat_xung|dda_module:inst|test:inst11|Add3~17         ; cout0            ;
; |xuat_xung|dda_module:inst|test:inst11|Add3~15      ; |xuat_xung|dda_module:inst|test:inst11|Add3~17COUT1_56 ; cout1            ;
; |xuat_xung|dda_module:inst|test:inst11|Add3~20      ; |xuat_xung|dda_module:inst|test:inst11|Add3~20         ; combout          ;
; |xuat_xung|dda_module:inst|test:inst11|Add3~20      ; |xuat_xung|dda_module:inst|test:inst11|Add3~22         ; cout0            ;
; |xuat_xung|dda_module:inst|test:inst11|Add3~20      ; |xuat_xung|dda_module:inst|test:inst11|Add3~22COUT1_58 ; cout1            ;
; |xuat_xung|dda_module:inst|test:inst11|Add3~25      ; |xuat_xung|dda_module:inst|test:inst11|Add3~25         ; combout          ;
; |xuat_xung|dda_module:inst|test:inst11|Add3~25      ; |xuat_xung|dda_module:inst|test:inst11|Add3~27         ; cout0            ;
; |xuat_xung|dda_module:inst|test:inst11|Add3~25      ; |xuat_xung|dda_module:inst|test:inst11|Add3~27COUT1_60 ; cout1            ;
; |xuat_xung|dda_module:inst|test:inst11|Add3~30      ; |xuat_xung|dda_module:inst|test:inst11|Add3~30         ; combout          ;
; |xuat_xung|dda_module:inst|test:inst11|Add3~30      ; |xuat_xung|dda_module:inst|test:inst11|Add3~32         ; cout             ;
; |xuat_xung|dda_module:inst|test:inst11|Add3~35      ; |xuat_xung|dda_module:inst|test:inst11|Add3~37         ; cout0            ;
; |xuat_xung|dda_module:inst|test:inst11|Add3~35      ; |xuat_xung|dda_module:inst|test:inst11|Add3~37COUT1_62 ; cout1            ;
; |xuat_xung|dda_module:inst|test:inst11|Add3~40      ; |xuat_xung|dda_module:inst|test:inst11|Add3~42         ; cout0            ;
; |xuat_xung|dda_module:inst|test:inst|Add3~35        ; |xuat_xung|dda_module:inst|test:inst|Add3~37           ; cout0            ;
; |xuat_xung|dda_module:inst|test:inst|Add3~40        ; |xuat_xung|dda_module:inst|test:inst|Add3~42           ; cout0            ;
; |xuat_xung|dda_module:inst|test:inst4|dir           ; |xuat_xung|dda_module:inst|test:inst4|dir              ; regout           ;
; |xuat_xung|dda_module:inst|test:inst5|dir           ; |xuat_xung|dda_module:inst|test:inst5|dir              ; regout           ;
; |xuat_xung|dda_module:inst|test:inst11|dir          ; |xuat_xung|dda_module:inst|test:inst11|dir             ; regout           ;
; |xuat_xung|dda_module:inst|test:inst|dir            ; |xuat_xung|dda_module:inst|test:inst|dir               ; regout           ;
; |xuat_xung|dda_module:inst|test:inst4|Ntemp[2]      ; |xuat_xung|dda_module:inst|test:inst4|Ntemp[2]         ; regout           ;
; |xuat_xung|dda_module:inst|test:inst4|Ntemp[3]      ; |xuat_xung|dda_module:inst|test:inst4|Ntemp[3]         ; regout           ;
; |xuat_xung|dda_module:inst|test:inst4|Ntemp[4]      ; |xuat_xung|dda_module:inst|test:inst4|Ntemp[4]         ; regout           ;
; |xuat_xung|dda_module:inst|test:inst4|Ntemp[5]      ; |xuat_xung|dda_module:inst|test:inst4|Ntemp[5]         ; regout           ;
; |xuat_xung|dda_module:inst|test:inst4|Ntemp[6]      ; |xuat_xung|dda_module:inst|test:inst4|Ntemp[6]         ; regout           ;
; |xuat_xung|dda_module:inst|test:inst5|Ntemp[2]      ; |xuat_xung|dda_module:inst|test:inst5|Ntemp[2]         ; regout           ;
; |xuat_xung|dda_module:inst|test:inst5|Ntemp[3]      ; |xuat_xung|dda_module:inst|test:inst5|Ntemp[3]         ; regout           ;
; |xuat_xung|dda_module:inst|test:inst5|Ntemp[4]      ; |xuat_xung|dda_module:inst|test:inst5|Ntemp[4]         ; regout           ;
; |xuat_xung|dda_module:inst|test:inst5|Ntemp[5]      ; |xuat_xung|dda_module:inst|test:inst5|Ntemp[5]         ; regout           ;
; |xuat_xung|dda_module:inst|test:inst5|Ntemp[6]      ; |xuat_xung|dda_module:inst|test:inst5|Ntemp[6]         ; regout           ;
; |xuat_xung|dda_module:inst|test:inst11|Ntemp[2]     ; |xuat_xung|dda_module:inst|test:inst11|Ntemp[2]        ; regout           ;
; |xuat_xung|dda_module:inst|test:inst11|Ntemp[3]     ; |xuat_xung|dda_module:inst|test:inst11|Ntemp[3]        ; regout           ;
; |xuat_xung|dda_module:inst|test:inst11|Ntemp[4]     ; |xuat_xung|dda_module:inst|test:inst11|Ntemp[4]        ; regout           ;
; |xuat_xung|dda_module:inst|test:inst11|Ntemp[5]     ; |xuat_xung|dda_module:inst|test:inst11|Ntemp[5]        ; regout           ;
; |xuat_xung|dda_module:inst|test:inst11|Ntemp[6]     ; |xuat_xung|dda_module:inst|test:inst11|Ntemp[6]        ; regout           ;
; |xuat_xung|dda_module:inst|test:inst|Ntemp[3]       ; |xuat_xung|dda_module:inst|test:inst|Ntemp[3]          ; regout           ;
; |xuat_xung|dda_module:inst|test:inst|Ntemp[4]       ; |xuat_xung|dda_module:inst|test:inst|Ntemp[4]          ; regout           ;
; |xuat_xung|dda_module:inst|test:inst|Ntemp[5]       ; |xuat_xung|dda_module:inst|test:inst|Ntemp[5]          ; regout           ;
; |xuat_xung|dda_module:inst|test:inst|Ntemp[6]       ; |xuat_xung|dda_module:inst|test:inst|Ntemp[6]          ; regout           ;
; |xuat_xung|dda_module:inst|test:inst4|Ntemp[1]      ; |xuat_xung|dda_module:inst|test:inst4|Ntemp[1]         ; regout           ;
; |xuat_xung|dda_module:inst|test:inst5|Ntemp[1]      ; |xuat_xung|dda_module:inst|test:inst5|Ntemp[1]         ; regout           ;
; |xuat_xung|dda_module:inst|test:inst11|Ntemp[1]     ; |xuat_xung|dda_module:inst|test:inst11|Ntemp[1]        ; regout           ;
; |xuat_xung|dda_module:inst|test:inst|Ntemp[1]       ; |xuat_xung|dda_module:inst|test:inst|Ntemp[1]          ; regout           ;
; |xuat_xung|dda_module:inst|test:inst4|Ntemp[0]      ; |xuat_xung|dda_module:inst|test:inst4|Ntemp[0]         ; regout           ;
; |xuat_xung|dda_module:inst|test:inst5|Ntemp[0]      ; |xuat_xung|dda_module:inst|test:inst5|Ntemp[0]         ; regout           ;
; |xuat_xung|dda_module:inst|test:inst11|Ntemp[0]     ; |xuat_xung|dda_module:inst|test:inst11|Ntemp[0]        ; regout           ;
; |xuat_xung|STOP                                     ; |xuat_xung|STOP~corein                                 ; combout          ;
; |xuat_xung|LS1                                      ; |xuat_xung|LS1~corein                                  ; combout          ;
; |xuat_xung|LS2                                      ; |xuat_xung|LS2~corein                                  ; combout          ;
; |xuat_xung|LS3                                      ; |xuat_xung|LS3~corein                                  ; combout          ;
; |xuat_xung|LS0                                      ; |xuat_xung|LS0~corein                                  ; combout          ;
; |xuat_xung|NOE                                      ; |xuat_xung|NOE~corein                                  ; combout          ;
; |xuat_xung|dir0                                     ; |xuat_xung|dir0                                        ; padio            ;
; |xuat_xung|dir1                                     ; |xuat_xung|dir1                                        ; padio            ;
; |xuat_xung|dir2                                     ; |xuat_xung|dir2                                        ; padio            ;
; |xuat_xung|dir3                                     ; |xuat_xung|dir3                                        ; padio            ;
; |xuat_xung|Data[15]                                 ; |xuat_xung|Data[15]~output                             ; padio            ;
; |xuat_xung|Data[14]                                 ; |xuat_xung|Data[14]~output                             ; padio            ;
; |xuat_xung|Data[13]                                 ; |xuat_xung|Data[13]~output                             ; padio            ;
; |xuat_xung|Data[12]                                 ; |xuat_xung|Data[12]~output                             ; padio            ;
; |xuat_xung|Data[11]                                 ; |xuat_xung|Data[11]~output                             ; padio            ;
; |xuat_xung|Data[10]                                 ; |xuat_xung|Data[10]~output                             ; padio            ;
; |xuat_xung|Data[9]                                  ; |xuat_xung|Data[9]~output                              ; padio            ;
; |xuat_xung|Data[8]                                  ; |xuat_xung|Data[8]~output                              ; padio            ;
; |xuat_xung|Data[7]                                  ; |xuat_xung|Data~8                                      ; combout          ;
; |xuat_xung|Data[7]                                  ; |xuat_xung|Data[7]~output                              ; padio            ;
; |xuat_xung|Data[6]                                  ; |xuat_xung|Data~9                                      ; combout          ;
; |xuat_xung|Data[6]                                  ; |xuat_xung|Data[6]~output                              ; padio            ;
; |xuat_xung|Data[5]                                  ; |xuat_xung|Data~10                                     ; combout          ;
; |xuat_xung|Data[5]                                  ; |xuat_xung|Data[5]~output                              ; padio            ;
; |xuat_xung|Data[4]                                  ; |xuat_xung|Data~11                                     ; combout          ;
; |xuat_xung|Data[4]                                  ; |xuat_xung|Data[4]~output                              ; padio            ;
; |xuat_xung|Data[3]                                  ; |xuat_xung|Data[3]~output                              ; padio            ;
; |xuat_xung|Data[2]                                  ; |xuat_xung|Data[2]~output                              ; padio            ;
; |xuat_xung|Data[1]                                  ; |xuat_xung|Data[1]~output                              ; padio            ;
; |xuat_xung|Data[0]                                  ; |xuat_xung|Data[0]~output                              ; padio            ;
+-----------------------------------------------------+--------------------------------------------------------+------------------+


+---------------------+
; Simulator INI Usage ;
+--------+------------+
; Option ; Usage      ;
+--------+------------+


+--------------------+
; Simulator Messages ;
+--------------------+
Info: *******************************************************************
Info: Running Quartus II Simulator
    Info: Version 9.1 Build 350 03/24/2010 Service Pack 2 SJ Web Edition
    Info: Processing started: Mon Jun 01 23:22:27 2020
Info: Command: quartus_sim --read_settings_files=on --write_settings_files=off test -c test
Info: Using vector source file "F:/THESIS/SOURCE/robot_CPLD/CPLD/test.vwf"
Warning: Compiler packed, optimized or synthesized away node "busy". Ignored vector source file node.
Warning: Ignored node in vector source file. Can't find corresponding node name "dda_module:inst|test:inst|Ntemp[7]" in design.
Warning: Ignored node in vector source file. Can't find corresponding node name "dda_module:inst|test:inst4|Ntemp[7]" in design.
Warning: Ignored node in vector source file. Can't find corresponding node name "dda_module:inst|test:inst5|Ntemp[7]" in design.
Warning: Ignored node in vector source file. Can't find corresponding node name "dda_module:inst|test:inst11|Ntemp[7]" in design.
Warning: Can't find signal in vector source file for input pin "|xuat_xung|ENC_1_A"
Warning: Can't find signal in vector source file for input pin "|xuat_xung|ENC_1_B"
Warning: Can't find signal in vector source file for input pin "|xuat_xung|ENC_2_A"
Warning: Can't find signal in vector source file for input pin "|xuat_xung|ENC_2_B"
Warning: Can't find signal in vector source file for input pin "|xuat_xung|ENC_3_A"
Warning: Can't find signal in vector source file for input pin "|xuat_xung|ENC_3_B"
Warning: Can't find signal in vector source file for input pin "|xuat_xung|NOE"
Info: Inverted registers were found during simulation
    Info: Register: |xuat_xung|dda_module:inst|test:inst4|acc[4]
    Info: Register: |xuat_xung|dda_module:inst|test:inst4|acc[5]
    Info: Register: |xuat_xung|dda_module:inst|test:inst4|acc[6]
    Info: Register: |xuat_xung|dda_module:inst|test:inst4|acc[7]
    Info: Register: |xuat_xung|dda_module:inst|test:inst4|acc[8]
    Info: Register: |xuat_xung|dda_module:inst|test:inst5|acc[4]
    Info: Register: |xuat_xung|dda_module:inst|test:inst5|acc[5]
    Info: Register: |xuat_xung|dda_module:inst|test:inst5|acc[6]
    Info: Register: |xuat_xung|dda_module:inst|test:inst5|acc[7]
    Info: Register: |xuat_xung|dda_module:inst|test:inst5|acc[8]
    Info: Register: |xuat_xung|dda_module:inst|test:inst11|acc[4]
    Info: Register: |xuat_xung|dda_module:inst|test:inst11|acc[5]
    Info: Register: |xuat_xung|dda_module:inst|test:inst11|acc[6]
    Info: Register: |xuat_xung|dda_module:inst|test:inst11|acc[7]
    Info: Register: |xuat_xung|dda_module:inst|test:inst11|acc[8]
    Info: Register: |xuat_xung|dda_module:inst|test:inst|acc[4]
    Info: Register: |xuat_xung|dda_module:inst|test:inst|acc[5]
    Info: Register: |xuat_xung|dda_module:inst|test:inst|acc[6]
    Info: Register: |xuat_xung|dda_module:inst|test:inst|acc[7]
    Info: Register: |xuat_xung|dda_module:inst|test:inst|acc[8]
    Info: Register: |xuat_xung|dda_module:inst|test:inst4|acc[1]
    Info: Register: |xuat_xung|dda_module:inst|test:inst5|acc[1]
    Info: Register: |xuat_xung|dda_module:inst|test:inst11|acc[1]
    Info: Register: |xuat_xung|dda_module:inst|test:inst|acc[1]
Warning: Found logic contention at time 0 ps on bus node "|xuat_xung|Data[3]~result"
    Info: Node "Data[3]~output" has logic level of X
    Info: Node "Data[3]" has logic level of 0
Warning: Found logic contention at time 0 ps on bus node "|xuat_xung|Data[2]~result"
    Info: Node "Data[2]~output" has logic level of X
    Info: Node "Data[2]" has logic level of 0
Warning: Found logic contention at time 0 ps on bus node "|xuat_xung|Data[1]~result"
    Info: Node "Data[1]~output" has logic level of X
    Info: Node "Data[1]" has logic level of 0
Warning: Found logic contention at time 0 ps on bus node "|xuat_xung|Data[0]~result"
    Info: Node "Data[0]~output" has logic level of X
    Info: Node "Data[0]" has logic level of 0
Info: Option to preserve fewer signal transitions to reduce memory requirements is enabled
    Info: Simulation has been partitioned into sub-simulations according to the maximum transition count determined by the engine. Transitions from memory will be flushed out to disk at the end of each sub-simulation to reduce memory requirements.
Info: Simulation partitioned into 1 sub-simulations
Info: Simulation coverage is      35.34 %
Info: Number of transitions in simulation is 4303694
Info: Quartus II Simulator was successful. 0 errors, 16 warnings
    Info: Peak virtual memory: 163 megabytes
    Info: Processing ended: Mon Jun 01 23:24:00 2020
    Info: Elapsed time: 00:01:33
    Info: Total CPU time (on all processors): 00:01:31


