--------------------------------------------------------------------------------------
Timing Analyzer Summary
--------------------------------------------------------------------------------------

Type           : Worst-case tsu
Slack          : N/A
Required Time  : None
Actual Time    : 7.971 ns
From           : PULSE_WR
To             : dda_module:inst|test:inst4|pulse
From Clock     : --
To Clock       : CLK
Failed Paths   : 0

Type           : Worst-case tco
Slack          : N/A
Required Time  : None
Actual Time    : 11.241 ns
From           : 74373b:inst1|16
To             : Data[4]
From Clock     : NADV
To Clock       : --
Failed Paths   : 0

Type           : Worst-case tpd
Slack          : N/A
Required Time  : None
Actual Time    : 9.224 ns
From           : NOE
To             : Data[4]
From Clock     : --
To Clock       : --
Failed Paths   : 0

Type           : Worst-case th
Slack          : N/A
Required Time  : None
Actual Time    : 9.221 ns
From           : Data[4]
To             : dda_module:inst|74373b:inst7|16
From Clock     : --
To Clock       : NADV
Failed Paths   : 0

Type           : Clock Setup: 'CLK'
Slack          : N/A
Required Time  : None
Actual Time    : 67.36 MHz ( period = 14.846 ns )
From           : dda_module:inst|test:inst5|acc[3]
To             : dda_module:inst|test:inst5|pulse
From Clock     : CLK
To Clock       : CLK
Failed Paths   : 0

Type           : Total number of failed paths
Slack          : 
Required Time  : 
Actual Time    : 
From           : 
To             : 
From Clock     : 
To Clock       : 
Failed Paths   : 0

--------------------------------------------------------------------------------------

